SQL> SET PAGES 200 LINES 200
SQL> SELECT DISTINCT JOB
  2  FROM EMP;

JOB                                                                                                                                                                                                     
---------                                                                                                                                                                                               
CLERK                                                                                                                                                                                                   
SALESMAN                                                                                                                                                                                                
PRESIDENT                                                                                                                                                                                               
MANAGER                                                                                                                                                                                                 
ANALYST                                                                                                                                                                                                 

SQL> SELECT DISTINCT DEPTNO
  2  FROM EMP;

    DEPTNO                                                                                                                                                                                              
----------                                                                                                                                                                                              
        30                                                                                                                                                                                              
        20                                                                                                                                                                                              
        10                                                                                                                                                                                              

SQL> SELECT DISTINCT SAL
  2  FROM EMP;

       SAL                                                                                                                                                                                              
----------                                                                                                                                                                                              
      2450                                                                                                                                                                                              
      5000                                                                                                                                                                                              
      1300                                                                                                                                                                                              
      1250                                                                                                                                                                                              
      2850                                                                                                                                                                                              
      2975                                                                                                                                                                                              
      1100                                                                                                                                                                                              
      3000                                                                                                                                                                                              
       800                                                                                                                                                                                              
      1600                                                                                                                                                                                              
      1500                                                                                                                                                                                              
       950                                                                                                                                                                                              

12 rows selected.

SQL> SELECT DISTINCT JOB,SAL
  2  FROM EMP;

JOB              SAL                                                                                                                                                                                    
--------- ----------                                                                                                                                                                                    
CLERK           1300                                                                                                                                                                                    
SALESMAN        1600                                                                                                                                                                                    
SALESMAN        1250                                                                                                                                                                                    
CLERK            950                                                                                                                                                                                    
CLERK            800                                                                                                                                                                                    
MANAGER         2450                                                                                                                                                                                    
PRESIDENT       5000                                                                                                                                                                                    
ANALYST         3000                                                                                                                                                                                    
MANAGER         2850                                                                                                                                                                                    
MANAGER         2975                                                                                                                                                                                    
SALESMAN        1500                                                                                                                                                                                    
CLERK           1100                                                                                                                                                                                    

12 rows selected.

SQL> SELECT * EMP
  2  
SQL> SELECT *
  2  FROM EMP
  3  ;

     EMPNO ENAME      JOB              MGR HIREDATE         SAL       COMM     DEPTNO                                                                                                                   
---------- ---------- --------- ---------- --------- ---------- ---------- ----------                                                                                                                   
      7369 SMITH      CLERK           7902 17-DEC-80        800                    20                                                                                                                   
      7499 ALLEN      SALESMAN        7698 20-FEB-81       1600        300         30                                                                                                                   
      7521 WARD       SALESMAN        7698 22-FEB-81       1250        500         30                                                                                                                   
      7566 JONES      MANAGER         7839 02-APR-81       2975                    20                                                                                                                   
      7654 MARTIN     SALESMAN        7698 28-SEP-81       1250       1400         30                                                                                                                   
      7698 BLAKE      MANAGER         7839 01-MAY-81       2850                    30                                                                                                                   
      7782 CLARK      MANAGER         7839 09-JUN-81       2450                    10                                                                                                                   
      7788 SCOTT      ANALYST         7566 19-APR-87       3000                    20                                                                                                                   
      7839 KING       PRESIDENT            17-NOV-81       5000                    10                                                                                                                   
      7844 TURNER     SALESMAN        7698 08-SEP-81       1500          0         30                                                                                                                   
      7876 ADAMS      CLERK           7788 23-MAY-87       1100                    20                                                                                                                   
      7900 JAMES      CLERK           7698 03-DEC-81        950                    30                                                                                                                   
      7902 FORD       ANALYST         7566 03-DEC-81       3000                    20                                                                                                                   
      7934 MILLER     CLERK           7782 23-JAN-82       1300                    10                                                                                                                   

14 rows selected.

SQL> 
SQL> SELECT (DISTINCT SAL) ENAME
  2  FROM EMP;
SELECT (DISTINCT SAL) ENAME
        *
ERROR at line 1:
ORA-00936: missing expression 


SQL> SELECT (DISTINCT SAL), ENAME
  2  FROM EMP;
SELECT (DISTINCT SAL), ENAME
        *
ERROR at line 1:
ORA-00936: missing expression 


SQL> SELECT [DISTINCT SAL]ENAME
  2  FROM EMP;
SELECT [DISTINCT SAL]ENAME
       *
ERROR at line 1:
ORA-00936: missing expression 


SQL> SELECT DISTINCT SAL,JOB,DEPTNO
  2  FROM EMP;

       SAL JOB           DEPTNO                                                                                                                                                                         
---------- --------- ----------                                                                                                                                                                         
       950 CLERK             30                                                                                                                                                                         
       800 CLERK             20                                                                                                                                                                         
      2850 MANAGER           30                                                                                                                                                                         
      1100 CLERK             20                                                                                                                                                                         
      2975 MANAGER           20                                                                                                                                                                         
      2450 MANAGER           10                                                                                                                                                                         
      1600 SALESMAN          30                                                                                                                                                                         
      1250 SALESMAN          30                                                                                                                                                                         
      5000 PRESIDENT         10                                                                                                                                                                         
      1500 SALESMAN          30                                                                                                                                                                         
      3000 ANALYST           20                                                                                                                                                                         
      1300 CLERK             10                                                                                                                                                                         

12 rows selected.

SQL> SELECT SAL*12
  2  FROM EMP;

    SAL*12                                                                                                                                                                                              
----------                                                                                                                                                                                              
      9600                                                                                                                                                                                              
     19200                                                                                                                                                                                              
     15000                                                                                                                                                                                              
     35700                                                                                                                                                                                              
     15000                                                                                                                                                                                              
     34200                                                                                                                                                                                              
     29400                                                                                                                                                                                              
     36000                                                                                                                                                                                              
     60000                                                                                                                                                                                              
     18000                                                                                                                                                                                              
     13200                                                                                                                                                                                              
     11400                                                                                                                                                                                              
     36000                                                                                                                                                                                              
     15600                                                                                                                                                                                              

14 rows selected.

SQL> SELCT SAL,SAL*12
SP2-0734: unknown command beginning "SELCT SAL,..." - rest of line ignored.
SQL> FROM EMP;
SP2-0042: unknown command "FROM EMP" - rest of line ignored.
SQL> SELECT SAL,SAL*12
  2  FROM EMP;

       SAL     SAL*12                                                                                                                                                                                   
---------- ----------                                                                                                                                                                                   
       800       9600                                                                                                                                                                                   
      1600      19200                                                                                                                                                                                   
      1250      15000                                                                                                                                                                                   
      2975      35700                                                                                                                                                                                   
      1250      15000                                                                                                                                                                                   
      2850      34200                                                                                                                                                                                   
      2450      29400                                                                                                                                                                                   
      3000      36000                                                                                                                                                                                   
      5000      60000                                                                                                                                                                                   
      1500      18000                                                                                                                                                                                   
      1100      13200                                                                                                                                                                                   
       950      11400                                                                                                                                                                                   
      3000      36000                                                                                                                                                                                   
      1300      15600                                                                                                                                                                                   

14 rows selected.

SQL> SELECT SAL+500
  2  FROM EMP
  3  ;

   SAL+500                                                                                                                                                                                              
----------                                                                                                                                                                                              
      1300                                                                                                                                                                                              
      2100                                                                                                                                                                                              
      1750                                                                                                                                                                                              
      3475                                                                                                                                                                                              
      1750                                                                                                                                                                                              
      3350                                                                                                                                                                                              
      2950                                                                                                                                                                                              
      3500                                                                                                                                                                                              
      5500                                                                                                                                                                                              
      2000                                                                                                                                                                                              
      1600                                                                                                                                                                                              
      1450                                                                                                                                                                                              
      3500                                                                                                                                                                                              
      1800                                                                                                                                                                                              

14 rows selected.

SQL> SELECT SAL+500
  2  
SQL> SELECT SAL-300
  2  
SQL> SELECT (SAL*12)-300
  2  FROM EMP;

(SAL*12)-300                                                                                                                                                                                            
------------                                                                                                                                                                                            
        9300                                                                                                                                                                                            
       18900                                                                                                                                                                                            
       14700                                                                                                                                                                                            
       35400                                                                                                                                                                                            
       14700                                                                                                                                                                                            
       33900                                                                                                                                                                                            
       29100                                                                                                                                                                                            
       35700                                                                                                                                                                                            
       59700                                                                                                                                                                                            
       17700                                                                                                                                                                                            
       12900                                                                                                                                                                                            
       11100                                                                                                                                                                                            
       35700                                                                                                                                                                                            
       15300                                                                                                                                                                                            

14 rows selected.

SQL> SELECT (SAL*0.2)+SAL
  2  FROM EMP;

(SAL*0.2)+SAL                                                                                                                                                                                           
-------------                                                                                                                                                                                           
          960                                                                                                                                                                                           
         1920                                                                                                                                                                                           
         1500                                                                                                                                                                                           
         3570                                                                                                                                                                                           
         1500                                                                                                                                                                                           
         3420                                                                                                                                                                                           
         2940                                                                                                                                                                                           
         3600                                                                                                                                                                                           
         6000                                                                                                                                                                                           
         1800                                                                                                                                                                                           
         1320                                                                                                                                                                                           
         1140                                                                                                                                                                                           
         3600                                                                                                                                                                                           
         1560                                                                                                                                                                                           

14 rows selected.

SQL> SELECT (SAL*0.2)+(SAL*12)
  2  FROM EMP;

(SAL*0.2)+(SAL*12)                                                                                                                                                                                      
------------------                                                                                                                                                                                      
              9760                                                                                                                                                                                      
             19520                                                                                                                                                                                      
             15250                                                                                                                                                                                      
             36295                                                                                                                                                                                      
             15250                                                                                                                                                                                      
             34770                                                                                                                                                                                      
             29890                                                                                                                                                                                      
             36600                                                                                                                                                                                      
             61000                                                                                                                                                                                      
             18300                                                                                                                                                                                      
             13420                                                                                                                                                                                      
             11590                                                                                                                                                                                      
             36600                                                                                                                                                                                      
             15860                                                                                                                                                                                      

14 rows selected.

SQL> SELECT SAL+COMM
  2  FROM EMP;

  SAL+COMM                                                                                                                                                                                              
----------                                                                                                                                                                                              
                                                                                                                                                                                                        
      1900                                                                                                                                                                                              
      1750                                                                                                                                                                                              
                                                                                                                                                                                                        
      2650                                                                                                                                                                                              
                                                                                                                                                                                                        
                                                                                                                                                                                                        
                                                                                                                                                                                                        
                                                                                                                                                                                                        
      1500                                                                                                                                                                                              
                                                                                                                                                                                                        
                                                                                                                                                                                                        
                                                                                                                                                                                                        
                                                                                                                                                                                                        

14 rows selected.

SQL> SELECT *,SAL*12
  2  FROM EMP;
SELECT *,SAL*12
        *
ERROR at line 1:
ORA-00923: FROM keyword not found where expected 


SQL> SELECT * FROM EMP;

     EMPNO ENAME      JOB              MGR HIREDATE         SAL       COMM     DEPTNO                                                                                                                   
---------- ---------- --------- ---------- --------- ---------- ---------- ----------                                                                                                                   
      7369 SMITH      CLERK           7902 17-DEC-80        800                    20                                                                                                                   
      7499 ALLEN      SALESMAN        7698 20-FEB-81       1600        300         30                                                                                                                   
      7521 WARD       SALESMAN        7698 22-FEB-81       1250        500         30                                                                                                                   
      7566 JONES      MANAGER         7839 02-APR-81       2975                    20                                                                                                                   
      7654 MARTIN     SALESMAN        7698 28-SEP-81       1250       1400         30                                                                                                                   
      7698 BLAKE      MANAGER         7839 01-MAY-81       2850                    30                                                                                                                   
      7782 CLARK      MANAGER         7839 09-JUN-81       2450                    10                                                                                                                   
      7788 SCOTT      ANALYST         7566 19-APR-87       3000                    20                                                                                                                   
      7839 KING       PRESIDENT            17-NOV-81       5000                    10                                                                                                                   
      7844 TURNER     SALESMAN        7698 08-SEP-81       1500          0         30                                                                                                                   
      7876 ADAMS      CLERK           7788 23-MAY-87       1100                    20                                                                                                                   
      7900 JAMES      CLERK           7698 03-DEC-81        950                    30                                                                                                                   
      7902 FORD       ANALYST         7566 03-DEC-81       3000                    20                                                                                                                   
      7934 MILLER     CLERK           7782 23-JAN-82       1300                    10                                                                                                                   

14 rows selected.

SQL> SELECT * ,(SAL*12)
  2  FROM EMP;
SELECT * ,(SAL*12)
         *
ERROR at line 1:
ORA-00923: FROM keyword not found where expected 


SQL> SELECT EMP,(SAL*12)
  2  FROM EMP;
SELECT EMP,(SAL*12)
       *
ERROR at line 1:
ORA-00904: "EMP": invalid identifier 


SQL> 
SQL> SELECT EMP.*,SAL*12
  2  FROM EMP;

     EMPNO ENAME      JOB              MGR HIREDATE         SAL       COMM     DEPTNO     SAL*12                                                                                                        
---------- ---------- --------- ---------- --------- ---------- ---------- ---------- ----------                                                                                                        
      7369 SMITH      CLERK           7902 17-DEC-80        800                    20       9600                                                                                                        
      7499 ALLEN      SALESMAN        7698 20-FEB-81       1600        300         30      19200                                                                                                        
      7521 WARD       SALESMAN        7698 22-FEB-81       1250        500         30      15000                                                                                                        
      7566 JONES      MANAGER         7839 02-APR-81       2975                    20      35700                                                                                                        
      7654 MARTIN     SALESMAN        7698 28-SEP-81       1250       1400         30      15000                                                                                                        
      7698 BLAKE      MANAGER         7839 01-MAY-81       2850                    30      34200                                                                                                        
      7782 CLARK      MANAGER         7839 09-JUN-81       2450                    10      29400                                                                                                        
      7788 SCOTT      ANALYST         7566 19-APR-87       3000                    20      36000                                                                                                        
      7839 KING       PRESIDENT            17-NOV-81       5000                    10      60000                                                                                                        
      7844 TURNER     SALESMAN        7698 08-SEP-81       1500          0         30      18000                                                                                                        
      7876 ADAMS      CLERK           7788 23-MAY-87       1100                    20      13200                                                                                                        
      7900 JAMES      CLERK           7698 03-DEC-81        950                    30      11400                                                                                                        
      7902 FORD       ANALYST         7566 03-DEC-81       3000                    20      36000                                                                                                        
      7934 MILLER     CLERK           7782 23-JAN-82       1300                    10      15600                                                                                                        

14 rows selected.

SQL> spool off
