SQL> SET PAGES 200 LINES 200
SQL> SELECT LOWER(ENAME)
  2  FROM EMP;

LOWER(ENAM                                                                                                                                                                                              
----------                                                                                                                                                                                              
smith                                                                                                                                                                                                   
allen                                                                                                                                                                                                   
ward                                                                                                                                                                                                    
jones                                                                                                                                                                                                   
martin                                                                                                                                                                                                  
blake                                                                                                                                                                                                   
clark                                                                                                                                                                                                   
scott                                                                                                                                                                                                   
king                                                                                                                                                                                                    
turner                                                                                                                                                                                                  
adams                                                                                                                                                                                                   
james                                                                                                                                                                                                   
ford                                                                                                                                                                                                    
miller                                                                                                                                                                                                  

14 rows selected.

SQL> SELECT CONCAT('MR',ENAME)
  2  FROM EMP ;

CONCAT('MR',                                                                                                                                                                                            
------------                                                                                                                                                                                            
MRSMITH                                                                                                                                                                                                 
MRALLEN                                                                                                                                                                                                 
MRWARD                                                                                                                                                                                                  
MRJONES                                                                                                                                                                                                 
MRMARTIN                                                                                                                                                                                                
MRBLAKE                                                                                                                                                                                                 
MRCLARK                                                                                                                                                                                                 
MRSCOTT                                                                                                                                                                                                 
MRKING                                                                                                                                                                                                  
MRTURNER                                                                                                                                                                                                
MRADAMS                                                                                                                                                                                                 
MRJAMES                                                                                                                                                                                                 
MRFORD                                                                                                                                                                                                  
MRMILLER                                                                                                                                                                                                

14 rows selected.

SQL> ED
Wrote file afiedt.buf

  1  SELECT CONCAT('MR ',ENAME)
  2* FROM EMP 
SQL> /

CONCAT('MR',E                                                                                                                                                                                           
-------------                                                                                                                                                                                           
MR SMITH                                                                                                                                                                                                
MR ALLEN                                                                                                                                                                                                
MR WARD                                                                                                                                                                                                 
MR JONES                                                                                                                                                                                                
MR MARTIN                                                                                                                                                                                               
MR BLAKE                                                                                                                                                                                                
MR CLARK                                                                                                                                                                                                
MR SCOTT                                                                                                                                                                                                
MR KING                                                                                                                                                                                                 
MR TURNER                                                                                                                                                                                               
MR ADAMS                                                                                                                                                                                                
MR JAMES                                                                                                                                                                                                
MR FORD                                                                                                                                                                                                 
MR MILLER                                                                                                                                                                                               

14 rows selected.

SQL> SELECT UPPER(ENAME)
  2  FROM EMP;

UPPER(ENAM                                                                                                                                                                                              
----------                                                                                                                                                                                              
SMITH                                                                                                                                                                                                   
ALLEN                                                                                                                                                                                                   
WARD                                                                                                                                                                                                    
JONES                                                                                                                                                                                                   
MARTIN                                                                                                                                                                                                  
BLAKE                                                                                                                                                                                                   
CLARK                                                                                                                                                                                                   
SCOTT                                                                                                                                                                                                   
KING                                                                                                                                                                                                    
TURNER                                                                                                                                                                                                  
ADAMS                                                                                                                                                                                                   
JAMES                                                                                                                                                                                                   
FORD                                                                                                                                                                                                    
MILLER                                                                                                                                                                                                  

14 rows selected.

SQL> SELECT IN IT CAP (ENAME)
  2  FROM EMP;
SELECT IN IT CAP (ENAME)
       *
ERROR at line 1:
ORA-00936: missing expression 


SQL> ED
Wrote file afiedt.buf

  1  SELECT INITCAP (ENAME)
  2* FROM EMP
SQL> /

INITCAP(EN                                                                                                                                                                                              
----------                                                                                                                                                                                              
Smith                                                                                                                                                                                                   
Allen                                                                                                                                                                                                   
Ward                                                                                                                                                                                                    
Jones                                                                                                                                                                                                   
Martin                                                                                                                                                                                                  
Blake                                                                                                                                                                                                   
Clark                                                                                                                                                                                                   
Scott                                                                                                                                                                                                   
King                                                                                                                                                                                                    
Turner                                                                                                                                                                                                  
Adams                                                                                                                                                                                                   
James                                                                                                                                                                                                   
Ford                                                                                                                                                                                                    
Miller                                                                                                                                                                                                  

14 rows selected.

SQL> SELECT REVERSE(ENAME )
  2  FROM EMP;

REVERSE(EN                                                                                                                                                                                              
----------                                                                                                                                                                                              
HTIMS                                                                                                                                                                                                   
NELLA                                                                                                                                                                                                   
DRAW                                                                                                                                                                                                    
SENOJ                                                                                                                                                                                                   
NITRAM                                                                                                                                                                                                  
EKALB                                                                                                                                                                                                   
KRALC                                                                                                                                                                                                   
TTOCS                                                                                                                                                                                                   
GNIK                                                                                                                                                                                                    
RENRUT                                                                                                                                                                                                  
SMADA                                                                                                                                                                                                   
SEMAJ                                                                                                                                                                                                   
DROF                                                                                                                                                                                                    
RELLIM                                                                                                                                                                                                  

14 rows selected.

SQL> SELECT ENAME
  2  FROM EMP
  3  WHERE LENGTH(ENAME)>4;

ENAME                                                                                                                                                                                                   
----------                                                                                                                                                                                              
SMITH                                                                                                                                                                                                   
ALLEN                                                                                                                                                                                                   
JONES                                                                                                                                                                                                   
MARTIN                                                                                                                                                                                                  
BLAKE                                                                                                                                                                                                   
CLARK                                                                                                                                                                                                   
SCOTT                                                                                                                                                                                                   
TURNER                                                                                                                                                                                                  
ADAMS                                                                                                                                                                                                   
JAMES                                                                                                                                                                                                   
MILLER                                                                                                                                                                                                  

11 rows selected.

SQL> SELECT ENAME
  2  FROM EMP
  3  WHERE LENGTH(ENAME)>=6;

ENAME                                                                                                                                                                                                   
----------                                                                                                                                                                                              
MARTIN                                                                                                                                                                                                  
TURNER                                                                                                                                                                                                  
MILLER                                                                                                                                                                                                  

SQL> SELECT ENAME
  2  FROM EMP
  3  WHERE LENGTH(SAL)>=4;

ENAME                                                                                                                                                                                                   
----------                                                                                                                                                                                              
ALLEN                                                                                                                                                                                                   
WARD                                                                                                                                                                                                    
JONES                                                                                                                                                                                                   
MARTIN                                                                                                                                                                                                  
BLAKE                                                                                                                                                                                                   
CLARK                                                                                                                                                                                                   
SCOTT                                                                                                                                                                                                   
KING                                                                                                                                                                                                    
TURNER                                                                                                                                                                                                  
ADAMS                                                                                                                                                                                                   
FORD                                                                                                                                                                                                    
MILLER                                                                                                                                                                                                  

12 rows selected.

SQL> SELECT ENAME
  2  FROM EMP
  3  WHERE REVERSE(ENMAE)=ENAME;
WHERE REVERSE(ENMAE)=ENAME
              *
ERROR at line 3:
ORA-00904: "ENMAE": invalid identifier 


SQL> ED
Wrote file afiedt.buf

  1  SELECT ENAME
  2  FROM EMP
  3* WHERE REVERSE(ENAME)=ENAME
SQL> /

no rows selected

SQL> SELECT SUBSTR(ENAME ,3,2)
  2  FROM EMP;

SU                                                                                                                                                                                                      
--                                                                                                                                                                                                      
IT                                                                                                                                                                                                      
LE                                                                                                                                                                                                      
RD                                                                                                                                                                                                      
NE                                                                                                                                                                                                      
RT                                                                                                                                                                                                      
AK                                                                                                                                                                                                      
AR                                                                                                                                                                                                      
OT                                                                                                                                                                                                      
NG                                                                                                                                                                                                      
RN                                                                                                                                                                                                      
AM                                                                                                                                                                                                      
ME                                                                                                                                                                                                      
RD                                                                                                                                                                                                      
LL                                                                                                                                                                                                      

14 rows selected.

SQL> SELECT SUBSTR(ENAME,1,3)
  2  FROM EMP;

SUB                                                                                                                                                                                                     
---                                                                                                                                                                                                     
SMI                                                                                                                                                                                                     
ALL                                                                                                                                                                                                     
WAR                                                                                                                                                                                                     
JON                                                                                                                                                                                                     
MAR                                                                                                                                                                                                     
BLA                                                                                                                                                                                                     
CLA                                                                                                                                                                                                     
SCO                                                                                                                                                                                                     
KIN                                                                                                                                                                                                     
TUR                                                                                                                                                                                                     
ADA                                                                                                                                                                                                     
JAM                                                                                                                                                                                                     
FOR                                                                                                                                                                                                     
MIL                                                                                                                                                                                                     

14 rows selected.

SQL> SELECT SUBSTR(ENAME,1,3)
  2  FROM EMP
  3  WHERE REVERSE(ENAME);
WHERE REVERSE(ENAME)
                   *
ERROR at line 3:
ORA-00920: invalid relational operator 


SQL> ED
Wrote file afiedt.buf

  1  SELECT SUBSTR(ENAME,1,3)
  2  FROM EMP
  3* WHERE ENAME=(SELECT REVERSE(ENAME) FROM EMP);
SQL> /
WHERE ENAME=(SELECT REVERSE(ENAME) FROM EMP);
                                            *
ERROR at line 3:
ORA-00911: invalid character 


SQL> ED
Wrote file afiedt.buf

  1  SELECT SUBSTR(ENAME,1,3)
  2  FROM EMP
  3* WHERE ENAME=(SELECT REVERSE(ENAME) FROM EMP
SQL> /
WHERE ENAME=(SELECT REVERSE(ENAME) FROM EMP
             *
ERROR at line 3:
ORA-00921: unexpected end of SQL command 


SQL> ED
Wrote file afiedt.buf

  1  SELECT SUBSTR(ENAME,1,3)
  2  FROM EMP
  3* WHERE ENAME=(SELECT REVERSE(ENAME) FROM EMP)
SQL> /
WHERE ENAME=(SELECT REVERSE(ENAME) FROM EMP)
             *
ERROR at line 3:
ORA-01427: single-row subquery returns more than one row 


SQL> ED
Wrote file afiedt.buf

  1  SELECT SUBSTR(ENAME,1,3)
  2  FROM EMP
  3* WHERE ENAME IN(SELECT REVERSE(ENAME) FROM EMP)
SQL> /

no rows selected

SQL> SELECT SUBSTR(ENAME,-1,-3)
  2  FROM EMP;

S                                                                                                                                                                                                       
-                                                                                                                                                                                                       
                                                                                                                                                                                                        
                                                                                                                                                                                                        
                                                                                                                                                                                                        
                                                                                                                                                                                                        
                                                                                                                                                                                                        
                                                                                                                                                                                                        
                                                                                                                                                                                                        
                                                                                                                                                                                                        
                                                                                                                                                                                                        
                                                                                                                                                                                                        
                                                                                                                                                                                                        
                                                                                                                                                                                                        
                                                                                                                                                                                                        
                                                                                                                                                                                                        

14 rows selected.

SQL> ED
Wrote file afiedt.buf

  1  SELECT SUBSTR(ENAME,-3,-1)
  2* FROM EMP
SQL> /

S                                                                                                                                                                                                       
-                                                                                                                                                                                                       
                                                                                                                                                                                                        
                                                                                                                                                                                                        
                                                                                                                                                                                                        
                                                                                                                                                                                                        
                                                                                                                                                                                                        
                                                                                                                                                                                                        
                                                                                                                                                                                                        
                                                                                                                                                                                                        
                                                                                                                                                                                                        
                                                                                                                                                                                                        
                                                                                                                                                                                                        
                                                                                                                                                                                                        
                                                                                                                                                                                                        
                                                                                                                                                                                                        

14 rows selected.

SQL> ED
Wrote file afiedt.buf

  1  SELECT SUBSTR(ENAME,-3)
  2* FROM EMP
SQL> /

SUB                                                                                                                                                                                                     
---                                                                                                                                                                                                     
ITH                                                                                                                                                                                                     
LEN                                                                                                                                                                                                     
ARD                                                                                                                                                                                                     
NES                                                                                                                                                                                                     
TIN                                                                                                                                                                                                     
AKE                                                                                                                                                                                                     
ARK                                                                                                                                                                                                     
OTT                                                                                                                                                                                                     
ING                                                                                                                                                                                                     
NER                                                                                                                                                                                                     
AMS                                                                                                                                                                                                     
MES                                                                                                                                                                                                     
ORD                                                                                                                                                                                                     
LER                                                                                                                                                                                                     

14 rows selected.

SQL> SELECT SUBSTR(ENAME ,1,((LENGTH(ENAME)/2))
  2  FROM EMP;
FROM EMP
*
ERROR at line 2:
ORA-00907: missing right parenthesis 


SQL> ED
Wrote file afiedt.buf

  1  SELECT SUBSTR(ENAME ,1,LENGTH(ENAME)/2)
  2* FROM EMP
SQL> /

SUBSTR(ENA                                                                                                                                                                                              
----------                                                                                                                                                                                              
SM                                                                                                                                                                                                      
AL                                                                                                                                                                                                      
WA                                                                                                                                                                                                      
JO                                                                                                                                                                                                      
MAR                                                                                                                                                                                                     
BL                                                                                                                                                                                                      
CL                                                                                                                                                                                                      
SC                                                                                                                                                                                                      
KI                                                                                                                                                                                                      
TUR                                                                                                                                                                                                     
AD                                                                                                                                                                                                      
JA                                                                                                                                                                                                      
FO                                                                                                                                                                                                      
MIL                                                                                                                                                                                                     

14 rows selected.

SQL> 
SQL>  SELECT SUBSTR(ENAME ,LENGTH(ENAME)/2)
  2  FROM EMP;

SUBSTR(ENA                                                                                                                                                                                              
----------                                                                                                                                                                                              
MITH                                                                                                                                                                                                    
LLEN                                                                                                                                                                                                    
ARD                                                                                                                                                                                                     
ONES                                                                                                                                                                                                    
RTIN                                                                                                                                                                                                    
LAKE                                                                                                                                                                                                    
LARK                                                                                                                                                                                                    
COTT                                                                                                                                                                                                    
ING                                                                                                                                                                                                     
RNER                                                                                                                                                                                                    
DAMS                                                                                                                                                                                                    
AMES                                                                                                                                                                                                    
ORD                                                                                                                                                                                                     
LLER                                                                                                                                                                                                    

14 rows selected.

SQL> SELECT INSTR(ENAME ,M,1)
  2  FROM EMP;
SELECT INSTR(ENAME ,M,1)
                    *
ERROR at line 1:
ORA-00904: "M": invalid identifier 


SQL> ED
Wrote file afiedt.buf

  1  SELECT INSTR(ENAME ,'M',1)
  2* FROM EMP
SQL> /

INSTR(ENAME,'M',1)                                                                                                                                                                                      
------------------                                                                                                                                                                                      
                 2                                                                                                                                                                                      
                 0                                                                                                                                                                                      
                 0                                                                                                                                                                                      
                 0                                                                                                                                                                                      
                 1                                                                                                                                                                                      
                 0                                                                                                                                                                                      
                 0                                                                                                                                                                                      
                 0                                                                                                                                                                                      
                 0                                                                                                                                                                                      
                 0                                                                                                                                                                                      
                 4                                                                                                                                                                                      
                 3                                                                                                                                                                                      
                 0                                                                                                                                                                                      
                 1                                                                                                                                                                                      

14 rows selected.

SQL> SELECT INSTR(ENAME,'M',1,2)
  2  FROM EMP;

INSTR(ENAME,'M',1,2)                                                                                                                                                                                    
--------------------                                                                                                                                                                                    
                   0                                                                                                                                                                                    
                   0                                                                                                                                                                                    
                   0                                                                                                                                                                                    
                   0                                                                                                                                                                                    
                   0                                                                                                                                                                                    
                   0                                                                                                                                                                                    
                   0                                                                                                                                                                                    
                   0                                                                                                                                                                                    
                   0                                                                                                                                                                                    
                   0                                                                                                                                                                                    
                   0                                                                                                                                                                                    
                   0                                                                                                                                                                                    
                   0                                                                                                                                                                                    
                   0                                                                                                                                                                                    

14 rows selected.

SQL> ED
Wrote file afiedt.buf

  1  SELECT INSTR(ENAME,'S',1,2)
  2* FROM EMP
SQL> /

INSTR(ENAME,'S',1,2)                                                                                                                                                                                    
