SQL> SET PAGES 200 LINES 200
SQL> SELECT ENAME
  2  FROM EMP
  3  WHERE ENAME LIKE 'P%';

no rows selected

SQL> SELECT ENAME,JOB
  2  FROM EMP
  3  WHERE JOB IN ('ANALYST','CLERK') AND DEPTNO IN (10,20);

ENAME      JOB                                                                                                                                                                                          
---------- ---------                                                                                                                                                                                    
SMITH      CLERK                                                                                                                                                                                        
SCOTT      ANALYST                                                                                                                                                                                      
ADAMS      CLERK                                                                                                                                                                                        
FORD       ANALYST                                                                                                                                                                                      
MILLER     CLERK                                                                                                                                                                                        

SQL> SELECT ENAME
  2  
SQL> SELECT DNAME
  2  FROM DEPT
  3  WHERE LOC LIKE '% %' AND DNAME LIKE '%E%E%E';

no rows selected

SQL> SELECT ENAME
  2  FROM  EMP
  3  WHERE JOB LIKE '%A%A%A' AND SAL BETWEEN 1200 AND 2800 AND DEPTNO IN (10,20,30);

no rows selected

SQL> SELECT ENAME
  2  FROM EMP
  3  WHERE MGR NOT IN ('%8') AND JOB NOT IN ('MANAGER' OR 'SALESMAN') AND DEPTNO IN (30);
WHERE MGR NOT IN ('%8') AND JOB NOT IN ('MANAGER' OR 'SALESMAN') AND DEPTNO IN (30)
                                                  *
ERROR at line 3:
ORA-00907: missing right parenthesis 


SQL> ED
Wrote file afiedt.buf

  1  SELECT ENAME
  2  FROM EMP
  3* WHERE MGR NOT IN ('%8') AND JOB NOT IN ('MANAGER' , 'SALESMAN') AND DEPTNO IN (30)
SQL> /
WHERE MGR NOT IN ('%8') AND JOB NOT IN ('MANAGER' , 'SALESMAN') AND DEPTNO IN (30)
                  *
ERROR at line 3:
ORA-01722: invalid number 


SQL> ED
Wrote file afiedt.buf

  1  SELECT ENAME
  2  FROM EMP
  3* WHERE MGR NOT IN (%8) AND JOB NOT IN ('MANAGER' , 'SALESMAN') AND DEPTNO IN (30)
SQL> /
WHERE MGR NOT IN (%8) AND JOB NOT IN ('MANAGER' , 'SALESMAN') AND DEPTNO IN (30)
                  *
ERROR at line 3:
ORA-00911: invalid character 


SQL> ED
Wrote file afiedt.buf

  1  SELECT ENAME
  2  FROM EMP
  3* WHERE MGR NOT LIKE ('%8') AND JOB NOT IN ('MANAGER' , 'SALESMAN') AND DEPTNO IN (30)
SQL> /

no rows selected

SQL> SELECT ENAME
  2  FROM EMP
  3  WHERE COMM IS NULL AND JOB NOT IN ('CLERK','SALESMAN') AND HIREDATE BETWEEN '01-JAN-81' AND '01-DEC-81' AND SAL>1500;

ENAME                                                                                                                                                                                                   
----------                                                                                                                                                                                              
JONES                                                                                                                                                                                                   
BLAKE                                                                                                                                                                                                   
CLARK                                                                                                                                                                                                   
KING                                                                                                                                                                                                    

SQL> SELECT ENAME
  2  FROM EMP
  3  WHERE ENAME LIKE '_____%' AND HIREDATE BETWEEN '01-JAN-80' AND '31-DEC-81' AND MGR IS NOT NULL AND SAL BETWEEN 800 AND 2000 AND DEPTNO IN (30,40);

ENAME                                                                                                                                                                                                   
----------                                                                                                                                                                                              
ALLEN                                                                                                                                                                                                   
MARTIN                                                                                                                                                                                                  
TURNER                                                                                                                                                                                                  
JAMES                                                                                                                                                                                                   

SQL> SELECT ENAME
  2  FROM EMP
  3  WHERE ENAME LIKE '_____%' AND ENAME LIKE '__A__' OR ENAME LIKE '__E__' OR ENAME LIKE '__I__' OR ENAME LIKE '__O__' OR ENAME LIKE '__U__' ;

ENAME                                                                                                                                                                                                   
----------                                                                                                                                                                                              
SMITH                                                                                                                                                                                                   
BLAKE                                                                                                                                                                                                   
CLARK                                                                                                                                                                                                   
SCOTT                                                                                                                                                                                                   
ADAMS                                                                                                                                                                                                   

SQL> SELECT ENAME
  2  FROM EMP
  3  WHERE ENAME LIKE 'S%' AND NOT ENAME LIKE '%A' OR ENAME LIKE '%E' OR ENAME LIKE '%I' OR ENAME LIKE '%O' OR ENAME LIKE '%U';

ENAME                                                                                                                                                                                                   
----------                                                                                                                                                                                              
SMITH                                                                                                                                                                                                   
BLAKE                                                                                                                                                                                                   
SCOTT                                                                                                                                                                                                   

SQL> SELECT ENAME
  2  FROM EMP
  3  WHERE MGR LIKE '%8';

ENAME                                                                                                                                                                                                   
----------                                                                                                                                                                                              
ALLEN                                                                                                                                                                                                   
WARD                                                                                                                                                                                                    
MARTIN                                                                                                                                                                                                  
TURNER                                                                                                                                                                                                  
ADAMS                                                                                                                                                                                                   
JAMES                                                                                                                                                                                                   

6 rows selected.

SQL> SELECT EMP
  2  FROM
  3  EMP WHERE MGR LIKE '%8';
SELECT EMP
       *
ERROR at line 1:
ORA-00904: "EMP": invalid identifier 


SQL> ED
Wrote file afiedt.buf

  1  SELECT EMP
  2  FROM EMP 
  3* WHERE MGR LIKE '%8'
SQL> /
SELECT EMP
       *
ERROR at line 1:
ORA-00904: "EMP": invalid identifier 


SQL> ED
Wrote file afiedt.buf

  1  SELECT ENAME
  2  FROM EMP 
  3* WHERE MGR LIKE '%8'
SQL> /

ENAME                                                                                                                                                                                                   
----------                                                                                                                                                                                              
ALLEN                                                                                                                                                                                                   
WARD                                                                                                                                                                                                    
MARTIN                                                                                                                                                                                                  
TURNER                                                                                                                                                                                                  
ADAMS                                                                                                                                                                                                   
JAMES                                                                                                                                                                                                   

6 rows selected.

SQL> SELECT ENAME
  2  FROM EMP
  3  WHERE JOB='SALESMAN' AND SAL BETWEEN 1500 AND 3000;

ENAME                                                                                                                                                                                                   
----------                                                                                                                                                                                              
ALLEN                                                                                                                                                                                                   
TURNER                                                                                                                                                                                                  

SQL> SELECT ENAME
  2  FROM EMP
  3  WHERE JOB IN ('MANAGER','SALESMAN') AND DEPTNO IN (20,30) AND SAL BETWEEN 1000 AND 3000;

ENAME                                                                                                                                                                                                   
----------                                                                                                                                                                                              
ALLEN                                                                                                                                                                                                   
WARD                                                                                                                                                                                                    
JONES                                                                                                                                                                                                   
MARTIN                                                                                                                                                                                                  
BLAKE                                                                                                                                                                                                   
TURNER                                                                                                                                                                                                  

6 rows selected.

SQL> SELECT ENAME
  2  FROM EMP
  3  WHERE SAL BETWEEN 1000 AND 2000 AND DEPTNO IN (10,20,30) AND JOB NOT IN ('CLERK');

ENAME                                                                                                                                                                                                   
----------                                                                                                                                                                                              
ALLEN                                                                                                                                                                                                   
WARD                                                                                                                                                                                                    
MARTIN                                                                                                                                                                                                  
TURNER                                                                                                                                                                                                  

SQL> SELECT ENAME
  2  FROM EMP
  3  WHERE ENAME LIKE 'A%' AND SAL>1000;

ENAME                                                                                                                                                                                                   
----------                                                                                                                                                                                              
ALLEN                                                                                                                                                                                                   
ADAMS                                                                                                                                                                                                   

SQL> SELECT ENAME
  2  FROM EM[
  3  
SQL> SELECT ENAME
  2  FROM EMP
  3  WHERE ENAME LIKE '%MM%';

no rows selected

SQL> SELECT ENAME
  2  FROM EMP
  3  WHERE JOB NOT IN ('CLERK') AND DEPTNO IN (10,20);

ENAME                                                                                                                                                                                                   
----------                                                                                                                                                                                              
JONES                                                                                                                                                                                                   
CLARK                                                                                                                                                                                                   
SCOTT                                                                                                                                                                                                   
KING                                                                                                                                                                                                    
FORD                                                                                                                                                                                                    

SQL> SELECT ENAME
  2  FROM EMP
  3  WHERE ENAME LIKE '%P%P';

no rows selected

SQL> SELECT ENAME,COMM
  2  FROM EMP
  3  WHERE COMM IS NULL AND DEPTNO IN (10,20);

ENAME            COMM                                                                                                                                                                                   
---------- ----------                                                                                                                                                                                   
SMITH                                                                                                                                                                                                   
JONES                                                                                                                                                                                                   
CLARK                                                                                                                                                                                                   
SCOTT                                                                                                                                                                                                   
KING                                                                                                                                                                                                    
ADAMS                                                                                                                                                                                                   
FORD                                                                                                                                                                                                    
MILLER                                                                                                                                                                                                  

8 rows selected.

SQL> SELECT ENAME
  2  FROM EMP
  3  WHERE MGR IS NULL AND DEPTNO IN (20,30);

no rows selected

SQL> SELECT ENAME
  2  FROM EMP
  3  WHERE ENAME NOT LIKE 'A%';

ENAME                                                                                                                                                                                                   
----------                                                                                                                                                                                              
SMITH                                                                                                                                                                                                   
WARD                                                                                                                                                                                                    
JONES                                                                                                                                                                                                   
MARTIN                                                                                                                                                                                                  
BLAKE                                                                                                                                                                                                   
CLARK                                                                                                                                                                                                   
SCOTT                                                                                                                                                                                                   
KING                                                                                                                                                                                                    
TURNER                                                                                                                                                                                                  
JAMES                                                                                                                                                                                                   
FORD                                                                                                                                                                                                    
MILLER                                                                                                                                                                                                  

12 rows selected.

SQL> SELECT ENAME,HIREDATE
  2  FROM EMP
  3  WHERE HIREDATE BETWEEN '01-JAN-87' AND '31-DEC-87';

ENAME      HIREDATE                                                                                                                                                                                     
---------- ---------                                                                                                                                                                                    
SCOTT      19-APR-87                                                                                                                                                                                    
ADAMS      23-MAY-87                                                                                                                                                                                    

SQL> SELECT ENAME
  2  FROM EMP
  3  WHERE ENAME LIKE '%T%T';

ENAME                                                                                                                                                                                                   
----------                                                                                                                                                                                              
SCOTT                                                                                                                                                                                                   

SQL> SELECT ENAME
  2  FROM EMP
  3  WHERE MGR=7654;

no rows selected

SQL> SELECT ENAME,JOB
  2  FROM EMP
  3  WHERE JOB='SALESMAN' AND DEPTNO=30;

ENAME      JOB                                                                                                                                                                                          
---------- ---------                                                                                                                                                                                    
ALLEN      SALESMAN                                                                                                                                                                                     
WARD       SALESMAN                                                                                                                                                                                     
MARTIN     SALESMAN                                                                                                                                                                                     
TURNER     SALESMAN                                                                                                                                                                                     

SQL> SELECT ENAME,SAL
  2  FROM EMP
  3  WHERE SAL SAL=2000 OR SAL=3000;
WHERE SAL SAL=2000 OR SAL=3000
          *
ERROR at line 3:
ORA-00920: invalid relational operator 


SQL> ED
Wrote file afiedt.buf

  1  SELECT ENAME,SAL
  2  FROM EMP
  3* WHERE  SAL=2000 OR SAL=3000
SQL> /

ENAME             SAL                                                                                                                                                                                   
---------- ----------                                                                                                                                                                                   
SCOTT            3000                                                                                                                                                                                   
FORD             3000                                                                                                                                                                                   

SQL> SELECT ENAME
  2  FROM EMP
  3  WHERE ENAME LIKE '%R%';

ENAME                                                                                                                                                                                                   
----------                                                                                                                                                                                              
WARD                                                                                                                                                                                                    
MARTIN                                                                                                                                                                                                  
CLARK                                                                                                                                                                                                   
TURNER                                                                                                                                                                                                  
FORD                                                                                                                                                                                                    
MILLER                                                                                                                                                                                                  

6 rows selected.

SQL> SELECT ENAME
  2  FROM EMP
  3  WHERE SAL BETWEEN 800 AND 2500;

ENAME                                                                                                                                                                                                   
----------                                                                                                                                                                                              
SMITH                                                                                                                                                                                                   
ALLEN                                                                                                                                                                                                   
WARD                                                                                                                                                                                                    
MARTIN                                                                                                                                                                                                  
CLARK                                                                                                                                                                                                   
TURNER                                                                                                                                                                                                  
ADAMS                                                                                                                                                                                                   
JAMES                                                                                                                                                                                                   
MILLER                                                                                                                                                                                                  

9 rows selected.

SQL> SELECT ENAME FROM EMP WHERE DEPTNO NOT IN (30);

ENAME                                                                                                                                                                                                   
----------                                                                                                                                                                                              
SMITH                                                                                                                                                                                                   
JONES                                                                                                                                                                                                   
CLARK                                                                                                                                                                                                   
SCOTT                                                                                                                                                                                                   
KING                                                                                                                                                                                                    
ADAMS                                                                                                                                                                                                   
FORD                                                                                                                                                                                                    
MILLER                                                                                                                                                                                                  

8 rows selected.

SQL> SELECT ENAME
  2  FROM EMP
  3  WHERE JOB='ANALYST' AND SAL>=2000;

ENAME                                                                                                                                                                                                   
----------                                                                                                                                                                                              
SCOTT                                                                                                                                                                                                   
FORD                                                                                                                                                                                                    

SQL> SELECT ENAME
  2  FROM EMP
  3  WHERE ENAME LIKE '%T' AND ENAME LIKE 'A%';

no rows selected

SQL> SLEECT ENAME,SAL
SP2-0734: unknown command beginning "SLEECT ENA..." - rest of line ignored.
SQL> SELECT ENAME,SAL
  2  FROM EMP
  3  WHERE JOB='MANAGERS' ;

no rows selected

SQL> SELECT ENAME,SAL*12 AS "ANNUAL SALARY"
  2  FROM EMP
  3  WHERE JOB='MANAGER';

ENAME      ANNUAL SALARY                                                                                                                                                                                
---------- -------------                                                                                                                                                                                
JONES              35700                                                                                                                                                                                
BLAKE              34200                                                                                                                                                                                
CLARK              29400                                                                                                                                                                                

SQL> SELECT ENAME,SAL+NVL(COMM,0)
  2  FROM EMP
  3  WHERE JOB='SALESMAN';

ENAME      SAL+NVL(COMM,0)                                                                                                                                                                              
---------- ---------------                                                                                                                                                                              
ALLEN                 1900                                                                                                                                                                              
WARD                  1750                                                                                                                                                                              
MARTIN                2650                                                                                                                                                                              
TURNER                1500                                                                                                                                                                              

SQL> SELECT *
  2  FROM TAB;

TNAME                          TABTYPE  CLUSTERID                                                                                                                                                       
------------------------------ ------- ----------                                                                                                                                                       
DEPT                           TABLE                                                                                                                                                                    
EMP                            TABLE                                                                                                                                                                    
BONUS                          TABLE                                                                                                                                                                    
SALGRADE                       TABLE                                                                                                                                                                    

SQL> SELECT ENAME
  2  FROM EMP
  3  WHERE JOB LIKE '%E%E_';

no rows selected

SQL> SELECT ENAME FROM EMP WHERE COMM IS NULL AND SAL>1000;

ENAME                                                                                                                                                                                                   
----------                                                                                                                                                                                              
JONES                                                                                                                                                                                                   
BLAKE                                                                                                                                                                                                   
CLARK                                                                                                                                                                                                   
SCOTT                                                                                                                                                                                                   
KING                                                                                                                                                                                                    
ADAMS                                                                                                                                                                                                   
FORD                                                                                                                                                                                                    
MILLER                                                                                                                                                                                                  

8 rows selected.

SQL> SELECT DNAME,LOC
  2  FROM DEPT
  3  WHERE LOC LIKE '%LL%';

DNAME          LOC                                                                                                                                                                                      
-------------- -------------                                                                                                                                                                            
RESEARCH       DALLAS                                                                                                                                                                                   

SQL> SELECT ENAME
  2  FROM EMP
  3  WHERE DEPTNO NOT IN (20) AND ENAME NOT LIKE 'M%';

ENAME                                                                                                                                                                                                   
----------                                                                                                                                                                                              
ALLEN                                                                                                                                                                                                   
WARD                                                                                                                                                                                                    
BLAKE                                                                                                                                                                                                   
CLARK                                                                                                                                                                                                   
KING                                                                                                                                                                                                    
TURNER                                                                                                                                                                                                  
JAMES                                                                                                                                                                                                   

7 rows selected.

SQL> SELECT ENAME,EMPNO
  2  FROM EMP
  3  WHERE EMPNO BETWEEN 7000 AND 8000;

ENAME           EMPNO                                                                                                                                                                                   
---------- ----------                                                                                                                                                                                   
SMITH            7369                                                                                                                                                                                   
ALLEN            7499                                                                                                                                                                                   
WARD             7521                                                                                                                                                                                   
JONES            7566                                                                                                                                                                                   
MARTIN           7654                                                                                                                                                                                   
BLAKE            7698                                                                                                                                                                                   
CLARK            7782                                                                                                                                                                                   
SCOTT            7788                                                                                                                                                                                   
KING             7839                                                                                                                                                                                   
TURNER           7844                                                                                                                                                                                   
ADAMS            7876                                                                                                                                                                                   
JAMES            7900                                                                                                                                                                                   
FORD             7902                                                                                                                                                                                   
MILLER           7934                                                                                                                                                                                   

14 rows selected.

SQL> SELECT ENAME
  2  FROM EMP
  3  WHERE SAL NOT BETWEEN 1500 AND 3000;

ENAME                                                                                                                                                                                                   
----------                                                                                                                                                                                              
SMITH                                                                                                                                                                                                   
WARD                                                                                                                                                                                                    
MARTIN                                                                                                                                                                                                  
KING                                                                                                                                                                                                    
ADAMS                                                                                                                                                                                                   
JAMES                                                                                                                                                                                                   
MILLER                                                                                                                                                                                                  

7 rows selected.

SQL> SELECT ENAME FROM EMP WHERE SAL>1000 AND HIREDATE '1-DEC-80' AND '31-DEC-80';
SELECT ENAME FROM EMP WHERE SAL>1000 AND HIREDATE '1-DEC-80' AND '31-DEC-80'
                                                  *
ERROR at line 1:
ORA-00920: invalid relational operator 


SQL> ED
Wrote file afiedt.buf

  1* SELECT ENAME FROM EMP WHERE SAL>1000 AND HIREDATE BETWEEN '1-DEC-80' AND '31-DEC-80'
SQL> /

no rows selected

SQL> SELECT ENAME
  2  FROM EMP
  3  WHERE JOB LIKE '____%' AND DEPTNO IN (20);

ENAME                                                                                                                                                                                                   
----------                                                                                                                                                                                              
SMITH                                                                                                                                                                                                   
JONES                                                                                                                                                                                                   
SCOTT                                                                                                                                                                                                   
ADAMS                                                                                                                                                                                                   
FORD                                                                                                                                                                                                    

SQL> SELECT ENAME
  2  FROM EMP
  3  WHERE JOB='CLERK' AND ENAME LIKE '%S' AND DEPTNO IN (10);

no rows selected

SQL> SELECT ENAME
  2  FROM EMP
  3  WHERE ENAME LIKE '_____%';

ENAME                                                                                                                                                                                                   
----------                                                                                                                                                                                              
SMITH                                                                                                                                                                                                   
ALLEN                                                                                                                                                                                                   
JONES                                                                                                                                                                                                   
MARTIN                                                                                                                                                                                                  
BLAKE                                                                                                                                                                                                   
CLARK                                                                                                                                                                                                   
SCOTT                                                                                                                                                                                                   
TURNER                                                                                                                                                                                                  
ADAMS                                                                                                                                                                                                   
JAMES                                                                                                                                                                                                   
MILLER                                                                                                                                                                                                  

11 rows selected.

SQL> SELECT ENAME
  2  FROM EMP
  3  WHERE SAL > (
  4  SELECT MAX(COMM)
  5  FROM EMP
  6  WHERE COMM IS NOT NULL);

ENAME                                                                                                                                                                                                   
----------                                                                                                                                                                                              
ALLEN                                                                                                                                                                                                   
JONES                                                                                                                                                                                                   
BLAKE                                                                                                                                                                                                   
CLARK                                                                                                                                                                                                   
SCOTT                                                                                                                                                                                                   
KING                                                                                                                                                                                                    
TURNER                                                                                                                                                                                                  
FORD                                                                                                                                                                                                    

8 rows selected.

SQL> SELECT 'EMPOLYEE ' ||ENAME || ' EARNING '|| SAL || ' WORK IN DEPARTMENT ' || DEPTNO|| AS SENTENCE
  2  FROM EMP ;
SELECT 'EMPOLYEE ' ||ENAME || ' EARNING '|| SAL || ' WORK IN DEPARTMENT ' || DEPTNO|| AS SENTENCE
                                                                                      *
ERROR at line 1:
ORA-00936: missing expression 


SQL> ED
Wrote file afiedt.buf

  1  SELECT 'EMPOLYEE ' ||ENAME || ' EARNING '|| SAL || ' WORK IN DEPARTMENT ' || DEPTNO AS SENTENCE
  2* FROM EMP 
SQL> /

SENTENCE                                                                                                                                                                                                
--------------------------------------------------------------------------------------------------------------------------------                                                                        
EMPOLYEE SMITH EARNING 800 WORK IN DEPARTMENT 20                                                                                                                                                        
EMPOLYEE ALLEN EARNING 1600 WORK IN DEPARTMENT 30                                                                                                                                                       
EMPOLYEE WARD EARNING 1250 WORK IN DEPARTMENT 30                                                                                                                                                        
EMPOLYEE JONES EARNING 2975 WORK IN DEPARTMENT 20                                                                                                                                                       
EMPOLYEE MARTIN EARNING 1250 WORK IN DEPARTMENT 30                                                                                                                                                      
EMPOLYEE BLAKE EARNING 2850 WORK IN DEPARTMENT 30                                                                                                                                                       
EMPOLYEE CLARK EARNING 2450 WORK IN DEPARTMENT 10                                                                                                                                                       
EMPOLYEE SCOTT EARNING 3000 WORK IN DEPARTMENT 20                                                                                                                                                       
EMPOLYEE KING EARNING 5000 WORK IN DEPARTMENT 10                                                                                                                                                        
EMPOLYEE TURNER EARNING 1500 WORK IN DEPARTMENT 30                                                                                                                                                      
EMPOLYEE ADAMS EARNING 1100 WORK IN DEPARTMENT 20                                                                                                                                                       
EMPOLYEE JAMES EARNING 950 WORK IN DEPARTMENT 30                                                                                                                                                        
EMPOLYEE FORD EARNING 3000 WORK IN DEPARTMENT 20                                                                                                                                                        
EMPOLYEE MILLER EARNING 1300 WORK IN DEPARTMENT 10                                                                                                                                                      

14 rows selected.

SQL> SELECT ENAME FROM EMP
  2  WHERE ENAME LIKE '_A%' AND ENAME LIKE '%R_';

ENAME                                                                                                                                                                                                   
----------                                                                                                                                                                                              
WARD                                                                                                                                                                                                    

SQL> SELECT ENAME
  2  FROM EMP
  3  WHERE SAL BETWEEN 300 AND 3000;

ENAME                                                                                                                                                                                                   
----------                                                                                                                                                                                              
SMITH                                                                                                                                                                                                   
ALLEN                                                                                                                                                                                                   
WARD                                                                                                                                                                                                    
JONES                                                                                                                                                                                                   
MARTIN                                                                                                                                                                                                  
BLAKE                                                                                                                                                                                                   
CLARK                                                                                                                                                                                                   
SCOTT                                                                                                                                                                                                   
TURNER                                                                                                                                                                                                  
ADAMS                                                                                                                                                                                                   
JAMES                                                                                                                                                                                                   
FORD                                                                                                                                                                                                    
MILLER                                                                                                                                                                                                  

13 rows selected

SQL> SELECT ENAME
  2  FROM EMP
  3  WHERE DEPTNO=30 AND ENAME LIKE '%A%';

ENAME                                                                                                                                                                                                   
----------                                                                                                                                                                                              
ALLEN                                                                                                                                                                                                   
WARD                                                                                                                                                                                                    
MARTIN                                                                                                                                                                                                  
BLAKE                                                                                                                                                                                                   
JAMES                                                                                                                                                                                                   

SQL> SELECT DNAME,LOC
  2  FROM DEPT
  3  WHERE DNAME LIKE '%O%O%' AND LOC LIKE '%O%O%';

DNAME          LOC                                                                                                                                                                                      
-------------- -------------                                                                                                                                                                            
OPERATIONS     BOSTON                                                                                                                                                                                   

SQL> SELECT ENAME
  2  FROM EMP
  3  WHERE ENAME LIKE 'K%K';

no rows selected

SQL> SELECT DNAME
  2  FROM DEPT
  3  WHERE DNAME LIKE '%K%' AND LOC LIKE '%K%';

no rows selected

SQL> SELECT ENAME
  2  FROM EMP
  3  WHERE ENAME LIKE '__P%';

no rows selected

SQL> SELECT ENAME
  2  FROM EMP
  3  WHERE MDR BETWEEN 7698 AND 7839 AND SAL LIKE '%5';
WHERE MDR BETWEEN 7698 AND 7839 AND SAL LIKE '%5'
      *
ERROR at line 3:
ORA-00904: "MDR": invalid identifier 


SQL> ED
Wrote file afiedt.buf

  1  SELECT ENAME
  2  FROM EMP
  3* WHERE MGR BETWEEN 7698 AND 7839 AND SAL LIKE '%5'
SQL> /

ENAME                                                                                                                                                                                                   
----------                                                                                                                                                                                              
JONES                                                                                                                                                                                                   

SQL> SELECT ENAME
  2  FROM EMP
  3  WHERE DEPTNO IN (10,20,30) AND JOB IN ('SALESMAN' ,'CLERK','ANALYST');

ENAME                                                                                                                                                                                                   
----------                                                                                                                                                                                              
SMITH                                                                                                                                                                                                   
ALLEN                                                                                                                                                                                                   
WARD                                                                                                                                                                                                    
MARTIN                                                                                                                                                                                                  
SCOTT                                                                                                                                                                                                   
TURNER                                                                                                                                                                                                  
ADAMS                                                                                                                                                                                                   
JAMES                                                                                                                                                                                                   
FORD                                                                                                                                                                                                    
MILLER                                                                                                                                                                                                  

10 rows selected.

SQL> SELECT ENAME
  2  FROM EMP
  3  WHERE ENAME LIKE '%II%';

no rows selected

SQL> SELECT *
  2  FROM EMP
  3  WHERE COMM>SAL ;

     EMPNO ENAME      JOB              MGR HIREDATE         SAL       COMM     DEPTNO                                                                                                                   
---------- ---------- --------- ---------- --------- ---------- ---------- ----------                                                                                                                   
      7654 MARTIN     SALESMAN        7698 28-SEP-81       1250       1400         30                                                                                                                   

SQL> SELECT ENAME
  2  FROM EMPM
  3  ED
  4  
SQL> SELECT ENAME
  2  FROM EMP
  3  WHERE ENAME LIKE '%A%';

ENAME                                                                                                                                                                                                   
----------                                                                                                                                                                                              
ALLEN                                                                                                                                                                                                   
WARD                                                                                                                                                                                                    
MARTIN                                                                                                                                                                                                  
BLAKE                                                                                                                                                                                                   
CLARK                                                                                                                                                                                                   
ADAMS                                                                                                                                                                                                   
JAMES                                                                                                                                                                                                   

7 rows selected.

SQL> SELECT ENAME FROM EMP
  2  WHERE DEPTNO=30 AND SAL>=1500;

ENAME                                                                                                                                                                                                   
----------                                                                                                                                                                                              
ALLEN                                                                                                                                                                                                   
BLAKE                                                                                                                                                                                                   
TURNER                                                                                                                                                                                                  

SQL> SELECT ENAME
  2  FROM EMP
  3  WHERE HIREDATE BETWEEN '01-JAN-81' AND '31-DEC-81' ;

ENAME                                                                                                                                                                                                   
----------                                                                                                                                                                                              
ALLEN                                                                                                                                                                                                   
WARD                                                                                                                                                                                                    
JONES                                                                                                                                                                                                   
MARTIN                                                                                                                                                                                                  
BLAKE                                                                                                                                                                                                   
CLARK                                                                                                                                                                                                   
KING                                                                                                                                                                                                    
TURNER                                                                                                                                                                                                  
JAMES                                                                                                                                                                                                   
FORD                                                                                                                                                                                                    

10 rows selected.

SQL> SELECT ENAME,JOB
  2  FROM EMP
  3  WHERE JOB='ANALYST';

ENAME      JOB                                                                                                                                                                                          
---------- ---------                                                                                                                                                                                    
SCOTT      ANALYST                                                                                                                                                                                      
FORD       ANALYST                                                                                                                                                                                      

SQL> SELECT ENAME,COMM
  2  FROM EMP
  3  WHERE COMM IS NOT NULL;

ENAME            COMM                                                                                                                                                                                   
---------- ----------                                                                                                                                                                                   
ALLEN             300                                                                                                                                                                                   
WARD              500                                                                                                                                                                                   
MARTIN           1400                                                                                                                                                                                   
TURNER              0                                                                                                                                                                                   

SQL> SELECT ENAME
  2  FROM EMP
  3  WHERE ENAME NOT LIKE 'A%';

ENAME                                                                                                                                                                                                   
----------                                                                                                                                                                                              
SMITH                                                                                                                                                                                                   
WARD                                                                                                                                                                                                    
JONES                                                                                                                                                                                                   
MARTIN                                                                                                                                                                                                  
BLAKE                                                                                                                                                                                                   
CLARK                                                                                                                                                                                                   
SCOTT                                                                                                                                                                                                   
KING                                                                                                                                                                                                    
TURNER                                                                                                                                                                                                  
JAMES                                                                                                                                                                                                   
FORD                                                                                                                                                                                                    
MILLER                                                                                                                                                                                                  

12 rows selected.

SQL> SELECT ENAME FROM EMP WHERE HIREDATE LIKE 'JANUARY%';

no rows selected

SQL> SELECT ENAME,JOB
  2  FROM EMP
  3  WHERE JOB='MANAGER' AND ENAME LIKE '%E' AND SAL LIKE '____%';

ENAME      JOB                                                                                                                                                                                          
---------- ---------                                                                                                                                                                                    
BLAKE      MANAGER                                                                                                                                                                                      

SQL> SELECT ENAME,MGR
  2  FROM EMP
  3  WHERE MGR IS NOT NULL AND DEPTNO=20;

ENAME             MGR                                                                                                                                                                                   
---------- ----------                                                                                                                                                                                   
SMITH            7902                                                                                                                                                                                   
JONES            7839                                                                                                                                                                                   
SCOTT            7566                                                                                                                                                                                   
ADAMS            7788                                                                                                                                                                                   
FORD             7566                                                                                                                                                                                   

SQL> SELECT ENAME
  2  FROM EMP
  3  WHERE EMPNO IN (7902,7934);

ENAME                                                                                                                                                                                                   
----------                                                                                                                                                                                              
FORD                                                                                                                                                                                                    
MILLER                                                                                                                                                                                                  

SQL> SELECT ENAME
  2  FROM EMP
  3  WHERE ENAME LIKE 'J%';

ENAME                                                                                                                                                                                                   
----------                                                                                                                                                                                              
JONES                                                                                                                                                                                                   
JAMES                                                                                                                                                                                                   

SQL> SELECT ENAME,COMM
  2  FROM EMP
  3  WHERE COMM>100;

ENAME            COMM                                                                                                                                                                                   
---------- ----------                                                                                                                                                                                   
ALLEN             300                                                                                                                                                                                   
WARD              500                                                                                                                                                                                   
MARTIN           1400                                                                                                                                                                                   

SQL> SELECT ENAME
  2  FROM EMP
  3  WHERE HIREDATE IS LIKE 'APRIL%';
WHERE HIREDATE IS LIKE 'APRIL%'
                  *
ERROR at line 3:
ORA-00908: missing NULL keyword 


SQL> ED
Wrote file afiedt.buf

  1  SELECT ENAME
  2  FROM EMP
  3* WHERE HIREDATE LIKE 'APRIL%'
SQL> /

no rows selected

SQL> SELECT ENAME
  2  FROM EMP
  3  WHERE HIREDATE LIKE '%82';

ENAME                                                                                                                                                                                                   
----------                                                                                                                                                                                              
MILLER    

SQL> SELECT ENAME
  2  FROM EMP
  3  WHERE DEPTNO=30 AND ENAME LIKE '%A%';

ENAME                                                                                                                                                                                                   
----------                                                                                                                                                                                              
ALLEN                                                                                                                                                                                                   
WARD                                                                                                                                                                                                    
MARTIN                                                                                                                                                                                                  
BLAKE                                                                                                                                                                                                   
JAMES                                                                                                                                                                                                   

SQL> SELECT DNAME,LOC
  2  FROM DEPT
  3  WHERE DNAME LIKE '%O%O%' AND LOC LIKE '%O%O%';

DNAME          LOC                                                                                                                                                                                      
-------------- -------------                                                                                                                                                                            
OPERATIONS     BOSTON                                                                                                                                                                                   

SQL> SELECT ENAME
  2  FROM EMP
  3  WHERE ENAME LIKE 'K%K';

no rows selected

SQL> SELECT DNAME
  2  FROM DEPT
  3  WHERE DNAME LIKE '%K%' AND LOC LIKE '%K%';

no rows selected

SQL> SELECT ENAME
  2  FROM EMP
  3  WHERE ENAME LIKE '__P%';

no rows selected

SQL> SELECT ENAME
  2  FROM EMP
  3  WHERE MDR BETWEEN 7698 AND 7839 AND SAL LIKE '%5';
WHERE MDR BETWEEN 7698 AND 7839 AND SAL LIKE '%5'
      *
ERROR at line 3:
ORA-00904: "MDR": invalid identifier 


SQL> ED
Wrote file afiedt.buf

  1  SELECT ENAME
  2  FROM EMP
  3* WHERE MGR BETWEEN 7698 AND 7839 AND SAL LIKE '%5'
SQL> /

ENAME                                                                                                                                                                                                   
----------                                                                                                                                                                                              
JONES                                                                                                                                                                                                   

SQL> SELECT ENAME
  2  FROM EMP
  3  WHERE DEPTNO IN (10,20,30) AND JOB IN ('SALESMAN' ,'CLERK','ANALYST');

ENAME                                                                                                                                                                                                   
----------                                                                                                                                                                                              
SMITH                                                                                                                                                                                                   
ALLEN                                                                                                                                                                                                   
WARD                                                                                                                                                                                                    
MARTIN                                                                                                                                                                                                  
SCOTT                                                                                                                                                                                                   
TURNER                                                                                                                                                                                                  
ADAMS                                                                                                                                                                                                   
JAMES                                                                                                                                                                                                   
FORD                                                                                                                                                                                                    
MILLER                                                                                                                                                                                                  

10 rows selected.

SQL> SELECT ENAME
  2  FROM EMP
  3  WHERE ENAME LIKE '%II%';

no rows selected

SQL> SELECT *
  2  FROM EMP
  3  WHERE COMM>SAL ;

     EMPNO ENAME      JOB              MGR HIREDATE         SAL       COMM     DEPTNO                                                                                                                   
---------- ---------- --------- ---------- --------- ---------- ---------- ----------                                                                                                                   
      7654 MARTIN     SALESMAN        7698 28-SEP-81       1250       1400         30                                                                                                                   

SQL> SELECT ENAME
  2  FROM EMPM
  3  ED
  4  
SQL> SELECT ENAME
  2  FROM EMP
  3  WHERE ENAME LIKE '%A%';

ENAME                                                                                                                                                                                                   
----------                                                                                                                                                                                              
ALLEN                                                                                                                                                                                                   
WARD                                                                                                                                                                                                    
MARTIN                                                                                                                                                                                                  
BLAKE                                                                                                                                                                                                   
CLARK                                                                                                                                                                                                   
ADAMS                                                                                                                                                                                                   
JAMES                                                                                                                                                                                                   

7 rows selected.

SQL> SELECT ENAME FROM EMP
  2  WHERE DEPTNO=30 AND SAL>=1500;

ENAME                                                                                                                                                                                                   
----------                                                                                                                                                                                              
ALLEN                                                                                                                                                                                                   
BLAKE                                                                                                                                                                                                   
TURNER                                                                                                                                                                                                  

SQL> SELECT ENAME
  2  FROM EMP
  3  WHERE HIREDATE BETWEEN '01-JAN-81' AND '31-DEC-81' ;

ENAME                                                                                                                                                                                                   
----------                                                                                                                                                                                              
ALLEN                                                                                                                                                                                                   
WARD                                                                                                                                                                                                    
JONES                                                                                                                                                                                                   
MARTIN                                                                                                                                                                                                  
BLAKE                                                                                                                                                                                                   
CLARK                                                                                                                                                                                                   
KING                                                                                                                                                                                                    
TURNER                                                                                                                                                                                                  
JAMES                                                                                                                                                                                                   
FORD                                                                                                                                                                                                    

10 rows selected.

SQL> SELECT ENAME,JOB
  2  FROM EMP
  3  WHERE JOB='ANALYST';

ENAME      JOB                                                                                                                                                                                          
---------- ---------                                                                                                                                                                                    
SCOTT      ANALYST                                                                                                                                                                                      
FORD       ANALYST                                                                                                                                                                                      

SQL> SELECT ENAME,COMM
  2  FROM EMP
  3  WHERE COMM IS NOT NULL;

ENAME            COMM                                                                                                                                                                                   
---------- ----------                                                                                                                                                                                   
ALLEN             300                                                                                                                                                                                   
WARD              500                                                                                                                                                                                   
MARTIN           1400                                                                                                                                                                                   
TURNER              0                                                                                                                                                                                   

SQL> SELECT ENAME
  2  FROM EMP
  3  WHERE ENAME NOT LIKE 'A%';

ENAME                                                                                                                                                                                                   
----------                                                                                                                                                                                              
SMITH                                                                                                                                                                                                   
WARD                                                                                                                                                                                                    
JONES                                                                                                                                                                                                   
MARTIN                                                                                                                                                                                                  
BLAKE                                                                                                                                                                                                   
CLARK                                                                                                                                                                                                   
SCOTT                                                                                                                                                                                                   
KING                                                                                                                                                                                                    
TURNER                                                                                                                                                                                                  
JAMES                                                                                                                                                                                                   
FORD                                                                                                                                                                                                    
MILLER                                                                                                                                                                                                  

12 rows selected.

SQL> SELECT ENAME FROM EMP WHERE HIREDATE LIKE 'JANUARY%';

no rows selected

SQL> SELECT ENAME,JOB
  2  FROM EMP
  3  WHERE JOB='MANAGER' AND ENAME LIKE '%E' AND SAL LIKE '____%';

ENAME      JOB                                                                                                                                                                                          
---------- ---------                                                                                                                                                                                    
BLAKE      MANAGER                                                                                                                                                                                      

SQL> SELECT ENAME,MGR
  2  FROM EMP
  3  WHERE MGR IS NOT NULL AND DEPTNO=20;

ENAME             MGR                                                                                                                                                                                   
---------- ----------                                                                                                                                                                                   
SMITH            7902                                                                                                                                                                                   
JONES            7839                                                                                                                                                                                   
SCOTT            7566                                                                                                                                                                                   
ADAMS            7788                                                                                                                                                                                   
FORD             7566                                                                                                                                                                                   

SQL> SELECT ENAME
  2  FROM EMP
  3  WHERE EMPNO IN (7902,7934);

ENAME                                                                                                                                                                                                   
----------                                                                                                                                                                                              
FORD                                                                                                                                                                                                    
MILLER                                                                                                                                                                                                  

SQL> SELECT ENAME
  2  FROM EMP
  3  WHERE ENAME LIKE 'J%';

ENAME                                                                                                                                                                                                   
----------                                                                                                                                                                                              
JONES                                                                                                                                                                                                   
JAMES                                                                                                                                                                                                   

SQL> SELECT ENAME,COMM
  2  FROM EMP
  3  WHERE COMM>100;

ENAME            COMM                                                                                                                                                                                   
---------- ----------                                                                                                                                                                                   
ALLEN             300                                                                                                                                                                                   
WARD              500                                                                                                                                                                                   
MARTIN           1400                                                                                                                                                                                   

SQL> SELECT ENAME
  2  FROM EMP
  3  WHERE HIREDATE IS LIKE 'APRIL%';
WHERE HIREDATE IS LIKE 'APRIL%'
                  *
ERROR at line 3:
ORA-00908: missing NULL keyword 


SQL> ED
Wrote file afiedt.buf

  1  SELECT ENAME
  2  FROM EMP
  3* WHERE HIREDATE LIKE 'APRIL%'
SQL> /

no rows selected

SQL> SELECT ENAME
  2  FROM EMP
  3  WHERE HIREDATE LIKE '%82';

ENAME                                                                                                                                                                                                   
----------                                                                                                                                                                                              
MILLER                                                                                                                                                                                                  

SQL> SELECT ENAME FROM EMP
  2  WHERE JOB LIKE '%NA%';

ENAME                                                                                                                                                                                                   
----------                                                                                                                                                                                              
JONES                                                                                                                                                                                                   
BLAKE                                                                                                                                                                                                   
CLARK                                                                                                                                                                                                   
SCOTT                                                                                                                                                                                                   
FORD                                                                                                                                                                                                    

SQL> SELECT ENAME,HIREDATE
  2  FROM EMP
  3  WHERE HIREDATE BETWEEN '01-MAR-81' AND '31-DEC-81';

ENAME      HIREDATE                                                                                                                                                                                     
---------- ---------                                                                                                                                                                                    
JONES      02-APR-81                                                                                                                                                                                    
MARTIN     28-SEP-81                                                                                                                                                                                    
BLAKE      01-MAY-81                                                                                                                                                                                    
CLARK      09-JUN-81                                                                                                                                                                                    
KING       17-NOV-81                                                                                                                                                                                    
TURNER     08-SEP-81                                                                                                                                                                                    
JAMES      03-DEC-81                                                                                                                                                                                    
FORD       03-DEC-81                                                                                                                                                                                    

8 rows selected.

SQL> SELECT ENAME
  2  FROM EMP
  3  WHERE DEPTNO NOT IN (10,20) ;

ENAME                                                                                                                                                                                                   
----------                                                                                                                                                                                              
ALLEN                                                                                                                                                                                                   
WARD                                                                                                                                                                                                    
MARTIN                                                                                                                                                                                                  
BLAKE                                                                                                                                                                                                   
TURNER                                                                                                                                                                                                  
JAMES                                                                                                                                                                                                   

6 rows selected.

SQL> SELECT ENAME
  2  FROM EMP
  3  WHERE COMM IS NULL;

ENAME                                                                                                                                                                                                   
----------                                                                                                                                                                                              
SMITH                                                                                                                                                                                                   
JONES                                                                                                                                                                                                   
BLAKE                                                                                                                                                                                                   
CLARK                                                                                                                                                                                                   
SCOTT                                                                                                                                                                                                   
KING                                                                                                                                                                                                    
ADAMS                                                                                                                                                                                                   
JAMES                                                                                                                                                                                                   
FORD                                                                                                                                                                                                    
MILLER                                                                                                                                                                                                  

10 rows selected.

SQL> SELECT ENAME
  2  FROM EMP
  3  WHERE MGR IS NOT NULL AND DEPTNO IN (10,20);

ENAME                                                                                                                                                                                                   
----------                                                                                                                                                                                              
SMITH                                                                                                                                                                                                   
JONES                                                                                                                                                                                                   
CLARK                                                                                                                                                                                                   
SCOTT                                                                                                                                                                                                   
ADAMS                                                                                                                                                                                                   
FORD                                                                                                                                                                                                    
MILLER                                                                                                                                                                                                  

7 rows selected.

SQL> SELECT ENAME,JOB
  2  FROM EMP
  3  WHERE JOB='PRESIDENT' AND DEPTNO=10;

ENAME      JOB                                                                                                                                                                                          
---------- ---------                                                                                                                                                                                    
KING       PRESIDENT                                                                                                                                                                                    

SQL> SELECT ENAME
  2  FROM EMP
  3  WHERE ENAME LIKE 'B%' AND ENAME LIKE '%E' AND SAL>2200 ;

ENAME                                                                                                                                                                                                   
----------                                                                                                                                                                                              
BLAKE                                                                                                                                                                                                   

SQL> SELECT ENAME
  2  FROM EMPM
  3  
SQL> SELECT ENAME
  2  FROM EMP
  3  WHERE ENAME LIKE 'B%' AND ENAME LIKE '%A' OR ENAME LIKE '%E' OR ENAME LIKE '%I' OR ENAME LIKE '%O' OR ENAME LIKE '%U';

ENAME                                                                                                                                                                                                   
----------                                                                                                                                                                                              
BLAKE                                                                                                                                                                                                   

SQL> SELECT ENAME FROM EMP
  2  WHERE ENAME LIKE 'A%' OR ENAME LIKE 'S%' AND ENAME LIKE '___N%' AND DEPTNO=30;

ENAME                                                                                                                                                                                                   
----------                                                                                                                                                                                              
ALLEN                                                                                                                                                                                                   
ADAMS                                                                                                                                                                                                   

SQL> SELECT ENAME
  2  FROM EMP
  3  WHERE DEPTNO=10 AND SAL BETWEEN 1500 AND 5000 AND (COMM>=500);

no rows selected

SQL> SELECT ENAME
  2  FROM EMPM'
  3  
SQL> SELECT ENAME FROM EMP
  2  WHERE DEPTNO IN (10,30) AND HIREDATE>'03-DEC-81';

ENAME                                                                                                                                                                                                   
----------                                                                                                                                                                                              
MILLER      
 
                                                                                                                                                                                            

SQL> SELECT ENAME FROM EMP
  2  WHERE JOB LIKE '%NA%';

ENAME                                                                                                                                                                                                   
----------                                                                                                                                                                                              
JONES                                                                                                                                                                                                   
BLAKE                                                                                                                                                                                                   
CLARK                                                                                                                                                                                                   
SCOTT                                                                                                                                                                                                   
FORD                                                                                                                                                                                                    

SQL> SELECT ENAME,HIREDATE
  2  FROM EMP
  3  WHERE HIREDATE BETWEEN '01-MAR-81' AND '31-DEC-81';

ENAME      HIREDATE                                                                                                                                                                                     
---------- ---------                                                                                                                                                                                    
JONES      02-APR-81                                                                                                                                                                                    
MARTIN     28-SEP-81                                                                                                                                                                                    
BLAKE      01-MAY-81                                                                                                                                                                                    
CLARK      09-JUN-81                                                                                                                                                                                    
KING       17-NOV-81                                                                                                                                                                                    
TURNER     08-SEP-81                                                                                                                                                                                    
JAMES      03-DEC-81                                                                                                                                                                                    
FORD       03-DEC-81                                                                                                                                                                                    

8 rows selected.

SQL> SELECT ENAME
  2  FROM EMP
  3  WHERE DEPTNO NOT IN (10,20) ;

ENAME                                                                                                                                                                                                   
----------                                                                                                                                                                                              
ALLEN                                                                                                                                                                                                   
WARD                                                                                                                                                                                                    
MARTIN                                                                                                                                                                                                  
BLAKE                                                                                                                                                                                                   
TURNER                                                                                                                                                                                                  
JAMES                                                                                                                                                                                                   

6 rows selected.

SQL> SELECT ENAME
  2  FROM EMP
  3  WHERE COMM IS NULL;

ENAME                                                                                                                                                                                                   
----------                                                                                                                                                                                              
SMITH                                                                                                                                                                                                   
JONES                                                                                                                                                                                                   
BLAKE                                                                                                                                                                                                   
CLARK                                                                                                                                                                                                   
SCOTT                                                                                                                                                                                                   
KING                                                                                                                                                                                                    
ADAMS                                                                                                                                                                                                   
JAMES                                                                                                                                                                                                   
FORD                                                                                                                                                                                                    
MILLER                                                                                                                                                                                                  

10 rows selected.

SQL> SELECT ENAME
  2  FROM EMP
  3  WHERE MGR IS NOT NULL AND DEPTNO IN (10,20);

ENAME                                                                                                                                                                                                   
----------                                                                                                                                                                                              
SMITH                                                                                                                                                                                                   
JONES                                                                                                                                                                                                   
CLARK                                                                                                                                                                                                   
SCOTT                                                                                                                                                                                                   
ADAMS                                                                                                                                                                                                   
FORD                                                                                                                                                                                                    
MILLER                                                                                                                                                                                                  

7 rows selected.

SQL> SELECT ENAME,JOB
  2  FROM EMP
  3  WHERE JOB='PRESIDENT' AND DEPTNO=10;

ENAME      JOB                                                                                                                                                                                          
---------- ---------                                                                                                                                                                                    
KING       PRESIDENT                                                                                                                                                                                    

SQL> SELECT ENAME
  2  FROM EMP
  3  WHERE ENAME LIKE 'B%' AND ENAME LIKE '%E' AND SAL>2200 ;

ENAME                                                                                                                                                                                                   
----------                                                                                                                                                                                              
BLAKE                                                                                                                                                                                                   

SQL> SELECT ENAME
  2  FROM EMPM
  3  
SQL> SELECT ENAME
  2  FROM EMP
  3  WHERE ENAME LIKE 'B%' AND ENAME LIKE '%A' OR ENAME LIKE '%E' OR ENAME LIKE '%I' OR ENAME LIKE '%O' OR ENAME LIKE '%U';

ENAME                                                                                                                                                                                                   
----------                                                                                                                                                                                              
BLAKE                                                                                                                                                                                                   

SQL> SELECT ENAME FROM EMP
  2  WHERE ENAME LIKE 'A%' OR ENAME LIKE 'S%' AND ENAME LIKE '___N%' AND DEPTNO=30;

ENAME                                                                                                                                                                                                   
----------                                                                                                                                                                                              
ALLEN                                                                                                                                                                                                   
ADAMS                                                                                                                                                                                                   

SQL> SELECT ENAME
  2  FROM EMP
  3  WHERE DEPTNO=10 AND SAL BETWEEN 1500 AND 5000 AND (COMM>=500);

no rows selected

SQL> SELECT ENAME
  2  FROM EMPM'
  3  
SQL> SELECT ENAME FROM EMP
  2  WHERE DEPTNO IN (10,30) AND HIREDATE>'03-DEC-81';

ENAME                                                                                                                                                                                                   
----------                                                                                                                                                                                              
MILLER      
SQL> SELECT *
  2  FROM EMP
  3  WHERE ENAME LIKE '%SS%' AND DEPTNO IN (10) AND SAL BETWEEN 500 AND 1500;

no rows selected

SQL> SELECT *
  2  FROM EMP
  3  WHERE DEPTNO IN (10,20,30) AND ENAME LIKE '%S' AND SAL BETWEEN 2000 AND 3000
  4  AND HIREDATE < '19-JUNE-87';

     EMPNO ENAME      JOB              MGR HIREDATE         SAL       COMM     DEPTNO                                                                                                                   
---------- ---------- --------- ---------- --------- ---------- ---------- ----------                                                                                                                   
      7566 JONES      MANAGER         7839 02-APR-81       2975                    20                                                                                                                   

SQL> SELECT ENAME
  2  FROM EMP
  3  WHERE ENAME LIKE '%TT';

ENAME                                                                                                                                                                                                   
----------                                                                                                                                                                                              
SCOTT                                                                                                                                                                                                   

SQL> SELECT *
  2  FROM EMP
  3  WHERE COMM >= 500;

     EMPNO ENAME      JOB              MGR HIREDATE         SAL       COMM     DEPTNO                                                                                                                   
---------- ---------- --------- ---------- --------- ---------- ---------- ----------                                                                                                                   
      7521 WARD       SALESMAN        7698 22-FEB-81       1250        500         30                                                                                                                   
      7654 MARTIN     SALESMAN        7698 28-SEP-81       1250       1400         30                                                                                                                   

SQL> SELECT *
  2  FROM EMP
  3  WHERE JOB IN ('SALESMAN', 'ANALYST') AND DEPTNO IN (20, 30);

     EMPNO ENAME      JOB              MGR HIREDATE         SAL       COMM     DEPTNO                                                                                                                   
---------- ---------- --------- ---------- --------- ---------- ---------- ----------                                                                                                                   
      7499 ALLEN      SALESMAN        7698 20-FEB-81       1600        300         30                                                                                                                   
      7521 WARD       SALESMAN        7698 22-FEB-81       1250        500         30                                                                                                                   
      7654 MARTIN     SALESMAN        7698 28-SEP-81       1250       1400         30                                                                                                                   
      7788 SCOTT      ANALYST         7566 19-APR-87       3000                    20                                                                                                                   
      7844 TURNER     SALESMAN        7698 08-SEP-81       1500          0         30                                                                                                                   
      7902 FORD       ANALYST         7566 03-DEC-81       3000                    20                                                                                                                   

6 rows selected.

SQL> SELECT *
  2  FROM EMP
  3  WHERE SAL < 1000 AND DEPTNO NOT IN (20);

     EMPNO ENAME      JOB              MGR HIREDATE         SAL       COMM     DEPTNO                                                                                                                   
---------- ---------- --------- ---------- --------- ---------- ---------- ----------                                                                                                                   
      7900 JAMES      CLERK           7698 03-DEC-81        950                    30                                                                                                                   

SQL> SELECT *
  2  FROM EMP
  3  WHERE JOB IN ('ANALYST') AND DEPTNO IN (20) AND SAL > 2000;

     EMPNO ENAME      JOB              MGR HIREDATE         SAL       COMM     DEPTNO                                                                                                                   
---------- ---------- --------- ---------- --------- ---------- ---------- ----------                                                                                                                   
      7788 SCOTT      ANALYST         7566 19-APR-87       3000                    20                                                                                                                   
      7902 FORD       ANALYST         7566 03-DEC-81       3000                    20                                                                                                                   

SQL> SELECT ENAME
  2  FROM EMP
  3  WHERE JOB NOT IN ('CLERK', 'ANALYST') AND SAL NOT BETWEEN 1000 AND 3000;

ENAME                                                                                                                                                                                                   
----------                                                                                                                                                                                              
KING                                                                                                                                                                                                    

SQL> SELECT *
  2  FROM EMP
  3  WHERE ENAME LIKE '_A%' AND HIRE SELECT *
  4   FROM EMP
  5  
SQL> SELECT *
  2  FROM EMP
  3  WHERE ENAME LIKE '_A%' AND HIREDATE > '20-FEB-81';

     EMPNO ENAME      JOB              MGR HIREDATE         SAL       COMM     DEPTNO                                                                                                                   
---------- ---------- --------- ---------- --------- ---------- ---------- ----------                                                                                                                   
      7521 WARD       SALESMAN        7698 22-FEB-81       1250        500         30                                                                                                                   
      7654 MARTIN     SALESMAN        7698 28-SEP-81       1250       1400         30                                                                                                                   
      7900 JAMES      CLERK           7698 03-DEC-81        950                    30                                                                                                                   

SQL> SELECT *
  2  FROM EMP
  3  WHERE SAL >= 3000 AND DEPTNO IN (10, 20);

     EMPNO ENAME      JOB              MGR HIREDATE         SAL       COMM     DEPTNO                                                                                                                   
---------- ---------- --------- ---------- --------- ---------- ---------- ----------                                                                                                                   
      7788 SCOTT      ANALYST         7566 19-APR-87       3000                    20                                                                                                                   
      7839 KING       PRESIDENT            17-NOV-81       5000                    10                                                                                                                   
      7902 FORD       ANALYST         7566 03-DEC-81       3000                    20                                                                                                                   

SQL> SELECT *
  2  FROM EMP
  3  WHERE JOB IN ('SALESMAN') AND ENAME LIKE '%R%' AND SAL < 1500
  4  AND HIREDATE > '21-FEB-81';

     EMPNO ENAME      JOB              MGR HIREDATE         SAL       COMM     DEPTNO                                                                                                                   
---------- ---------- --------- ---------- --------- ---------- ---------- ----------                                                                                                                   
      7521 WARD       SALESMAN        7698 22-FEB-81       1250        500         30                                                                                                                   
      7654 MARTIN     SALESMAN        7698 28-SEP-81       1250       1400         30                                                                                                                   

SQL>  SELECT *
  2   FROM EMP
  3   WHERE HIREDATE LIKE '%81' AND ENAME LIKE '%A%' AND COMM IS NOT NULL
  4   AND DEPTNO LIKE '3%';

     EMPNO ENAME      JOB              MGR HIREDATE         SAL       COMM     DEPTNO                                                                                                                   
---------- ---------- --------- ---------- --------- ---------- ---------- ----------                                                                                                                   
      7499 ALLEN      SALESMAN        7698 20-FEB-81       1600        300         30                                                                                                                   
      7521 WARD       SALESMAN        7698 22-FEB-81       1250        500         30                                                                                                                   
      7654 MARTIN     SALESMAN        7698 28-SEP-81       1250       1400         30                                                                                                                   

SQL> SELECT *
  2  FROM EMP
  3  WHERE MGR IS NOT NULL AND SAL*12 > 10000
  4  AND EMPNO BETWEEN 7850 AND 7950
  5  AND JOB = 'ANALYST';

     EMPNO ENAME      JOB              MGR HIREDATE         SAL       COMM     DEPTNO                                                                                                                   
---------- ---------- --------- ---------- --------- ---------- ---------- ----------                                                                                                                   
      7902 FORD       ANALYST         7566 03-DEC-81       3000                    20 

SQL>  SELECT *
  2   FROM EMP
  3   WHERE SAL NOT BETWEEN 2000 AND 3000
  4   AND HIREDATE LIKE '%NOV%' OR HIREDATE LIKE '%SEP%'
  5   AND SAL+COMM < 2000;

     EMPNO ENAME      JOB              MGR HIREDATE         SAL       COMM     DEPTNO                                                                                                                   
---------- ---------- --------- ---------- --------- ---------- ---------- ----------                                                                                                                   
      7839 KING       PRESIDENT            17-NOV-81       5000                    10                                                                                                                   
      7844 TURNER     SALESMAN        7698 08-SEP-81       1500          0         30                                                                                                                   

SQL>  SELECT EMP.*, SAL*3 AS QUARTERLY_SAL
  2   FROM EMP
  3   WHERE JOB NOT IN ('SALESMAN')
  4   AND SAL BETWEEN 501 AND 1999
  5   AND ENAME LIKE 'S%'
  6  ;

     EMPNO ENAME      JOB              MGR HIREDATE         SAL       COMM     DEPTNO QUARTERLY_SAL                                                                                                     
---------- ---------- --------- ---------- --------- ---------- ---------- ---------- -------------                                                                                                     
      7369 SMITH      CLERK           7902 17-DEC-80        800                    20          2400                                                                                                     

SQL>  SELECT ENAME, SAL
  2   FROM EMP
  3   WHERE ENAME LIKE '%E'
  4     AND SAL BETWEEN 6000 AND 12000;

no rows selected

SQL>  SELECT ENAME, JOB, SAL
  2   FROM EMP
  3   WHERE JOB NOT IN ('CLERK', 'IT PROGRAMMER')
  4     AND SAL > 3000;

ENAME      JOB              SAL                                                                                                                                                                         
---------- --------- ----------                                                                                                                                                                         
KING       PRESIDENT       5000                                                                                                                                                                         

SQL> SELECT DEPTNO
  2  FROM EMP
  3  WHERE DEPTNO = 1700
  4  AND MGR IS NOT NULL;

no rows selected

SQL> SELECT *
  2  FROM DEPT;

    DEPTNO DNAME          LOC                                                                                                                                                                           
---------- -------------- -------------                                                                                                                                                                 
        10 ACCOUNTING     NEW YORK                                                                                                                                                                      
        20 RESEARCH       DALLAS                                                                                                                                                                        
        30 SALES          CHICAGO                                                                                                                                                                       
        40 OPERATIONS     BOSTON                                                                                                                                                                        

SQL>  SELECT ENAME, 'YOUR JOB IS ' || JOB AS JOB_INFO, SAL
  2   FROM EMP
  3   WHERE SAL > 9000;

no rows selected

SQL>  SELECT ENAME, 'YOUR SALARY IS ' || SAL AS SALARY_INFO
  2   FROM EMP
  3   WHERE  JOB NOT IN ('SALESMAN', 'HR REPRESENTATIVE');

ENAME      SALARY_INFO                                                                                                                                                                                  
---------- -------------------------------------------------------                                                                                                                                      
SMITH      YOUR SALARY IS 800                                                                                                                                                                           
JONES      YOUR SALARY IS 2975                                                                                                                                                                          
BLAKE      YOUR SALARY IS 2850                                                                                                                                                                          
CLARK      YOUR SALARY IS 2450                                                                                                                                                                          
SCOTT      YOUR SALARY IS 3000                                                                                                                                                                          
KING       YOUR SALARY IS 5000                                                                                                                                                                          
ADAMS      YOUR SALARY IS 1100                                                                                                                                                                          
JAMES      YOUR SALARY IS 950                                                                                                                                                                           
FORD       YOUR SALARY IS 3000                                                                                                                                                                          
MILLER     YOUR SALARY IS 1300                                                                                                                                                                          

10 rows selected.

SQL>  SELECT DISTINCT MGR
  2   FROM EMP
  3   WHERE SAL > 1000
  4     AND TO_CHAR(HIREDATE, 'YY') = '81';

       MGR                                                                                                                                                                                              
----------                                                                                                                                                                                              
      7839                                                                                                                                                                                              
                                                                                                                                                                                                        
      7698                                                                                                                                                                                              
      7566                                                                                                                                                                                              

SQL> 
SQL>  SELECT ENAME
  2   FROM EMP
  3   WHERE MGR = 7698
  4     AND JOB = 'SALESMAN'
  5     AND ENAME LIKE '%N';

ENAME                                                                                                                                                                                                   
----------                                                                                                                                                                                              
ALLEN                                                                                                                                                                                                   
MARTIN                                                                                                                                                                                                  

SQL> SELECT ENAME || ' - ' || TO_CHAR(HIREDATE, 'DD-MON-YY') AS JOIN_INFO
  2  FROM EMP
  3  WHERE DEPTNO = 30
  4    AND TO_CHAR(HIREDATE, 'YY') = '81';

JOIN_INFO                                                                                                                                                                                               
----------------------                                                                                                                                                                                  
ALLEN - 20-FEB-81                                                                                                                                                                                       
WARD - 22-FEB-81                                                                                                                                                                                        
MARTIN - 28-SEP-81                                                                                                                                                                                      
BLAKE - 01-MAY-81                                                                                                                                                                                       
TURNER - 08-SEP-81                                                                                                                                                                                      
JAMES - 03-DEC-81                                                                                                                                                                                       

6 rows selected.

SQL>  SELECT *
  2   FROM EMP
  3   WHERE JOB = 'CLERK'
  4     AND SAL > 1000
  5     AND HIREDATE > TO_DATE('01-JAN-1982', 'DD-MON-YYYY');

     EMPNO ENAME      JOB              MGR HIREDATE         SAL       COMM     DEPTNO                                                                                                                   
---------- ---------- --------- ---------- --------- ---------- ---------- ----------                                                                                                                   
      7876 ADAMS      CLERK           7788 23-MAY-87       1100                    20                                                                                                                   
      7934 MILLER     CLERK           7782 23-JAN-82       1300                    10                                                                                                                   

SQL>  SELECT *
  2   FROM EMP
  3   WHERE SAL BETWEEN 1000 AND 3000
  4   AND JOB NOT IN ('CLERK')
  5   AND ENAME LIKE '__A%';

     EMPNO ENAME      JOB              MGR HIREDATE         SAL       COMM     DEPTNO                                                                                                                   
---------- ---------- --------- ---------- --------- ---------- ---------- ----------                                                                                                                   
      7698 BLAKE      MANAGER         7839 01-MAY-81       2850                    30                                                                                                                   
      7782 CLARK      MANAGER         7839 09-JUN-81       2450                    10                                                                                                                   

SQL>  SELECT *
  2   FROM EMP
  3   WHERE DEPTNO = 10
  4     AND JOB NOT IN ('SALESMAN', 'MANAGER');

     EMPNO ENAME      JOB              MGR HIREDATE         SAL       COMM     DEPTNO                                                                                                                   
---------- ---------- --------- ---------- --------- ---------- ---------- ----------                                                                                                                   
      7839 KING       PRESIDENT            17-NOV-81       5000                    10                                                                                                                   
      7934 MILLER     CLERK           7782 23-JAN-82       1300                    10                                                                                                                   

SQL>  SELECT *
  2   FROM EMP
  3   WHERE SAL NOT BETWEEN 1500 AND 3000;

     EMPNO ENAME      JOB              MGR HIREDATE         SAL       COMM     DEPTNO                                                                                                                   
---------- ---------- --------- ---------- --------- ---------- ---------- ----------                                                                                                                   
      7369 SMITH      CLERK           7902 17-DEC-80        800                    20                                                                                                                   
      7521 WARD       SALESMAN        7698 22-FEB-81       1250        500         30                                                                                                                   
      7654 MARTIN     SALESMAN        7698 28-SEP-81       1250       1400         30                                                                                                                   
      7839 KING       PRESIDENT            17-NOV-81       5000                    10                                                                                                                   
      7876 ADAMS      CLERK           7788 23-MAY-87       1100                    20                                                                                                                   
      7900 JAMES      CLERK           7698 03-DEC-81        950                    30                                                                                                                   
      7934 MILLER     CLERK           7782 23-JAN-82       1300                    10                                                                                                                   

7 rows selected.

SQL>  SELECT *
  2   FROM EMP
  3   WHERE JOB = 'MANAGER'
  4     AND ENAME LIKE 'J%';

     EMPNO ENAME      JOB              MGR HIREDATE         SAL       COMM     DEPTNO                                                                                                                   
---------- ---------- --------- ---------- --------- ---------- ---------- ----------                                                                                                                   
      7566 JONES      MANAGER         7839 02-APR-81       2975                    20                                                                                                                   

SQL>  SELECT *
  2   FROM EMP
  3   WHERE JOB = 'SALESMAN'
  4     AND DEPTNO = 20
  5     AND SAL > 2000;

no rows selected

SQL>  SELECT *
  2   FROM EMP
  3   WHERE ENAME LIKE 'J%' OR ENAME LIKE 'F%';

     EMPNO ENAME      JOB              MGR HIREDATE         SAL       COMM     DEPTNO                                                                                                                   
---------- ---------- --------- ---------- --------- ---------- ---------- ----------                                                                                                                   
      7566 JONES      MANAGER         7839 02-APR-81       2975                    20                                                                                                                   
      7900 JAMES      CLERK           7698 03-DEC-81        950                    30                                                                                                                   
      7902 FORD       ANALYST         7566 03-DEC-81       3000                    20                                                                                                                   

SQL>  SELECT *
  2   FROM EMP
  3   WHERE JOB NOT IN ('SALESMAN', 'ANALYST')
  4     AND SAL > 1000
  5     AND DEPTNO = 20;

     EMPNO ENAME      JOB              MGR HIREDATE         SAL       COMM     DEPTNO                                                                                                                   
---------- ---------- --------- ---------- --------- ---------- ---------- ----------                                                                                                                   
      7566 JONES      MANAGER         7839 02-APR-81       2975                    20                                                                                                                   
      7876 ADAMS      CLERK           7788 23-MAY-87       1100                    20                                                                                                                   

SQL>  SELECT *
  2   FROM EMP
  3   WHERE SUBSTR(ENAME, -2, 1) = 'L'
  4     AND COMM IS NOT NULL
  5     AND DEPTNO NOT IN (10, 20);

no rows selected

SQL>  SELECT *
  2   FROM EMP
  3   WHERE JOB = 'SALESMAN'
  4     AND TO_CHAR(SAL) LIKE '%5';

no rows selected

SQL> SELECT ENAME
  2  FROM EMP
  3  WHERE HIREDATE LIKE '%80' OR HIREDATE LIKE '%81';

ENAME                                                                                                                                                                                                   
----------                                                                                                                                                                                              
SMITH                                                                                                                                                                                                   
ALLEN                                                                                                                                                                                                   
WARD                                                                                                                                                                                                    
JONES                                                                                                                                                                                                   
MARTIN                                                                                                                                                                                                  
BLAKE                                                                                                                                                                                                   
CLARK                                                                                                                                                                                                   
KING                                                                                                                                                                                                    
TURNER                                                                                                                                                                                                  
JAMES                                                                                                                                                                                                   
FORD                                                                                                                                                                                                    

11 rows selected.

SQL>  SELECT *
  2   FROM EMP
  3   WHERE JOB = 'SALESMAN'
  4     AND ENAME LIKE '%N%';

     EMPNO ENAME      JOB              MGR HIREDATE         SAL       COMM     DEPTNO                                                                                                                   
---------- ---------- --------- ---------- --------- ---------- ---------- ----------                                                                                                                   
      7499 ALLEN      SALESMAN        7698 20-FEB-81       1600        300         30                                                                                                                   
      7654 MARTIN     SALESMAN        7698 28-SEP-81       1250       1400         30                                                                                                                   
      7844 TURNER     SALESMAN        7698 08-SEP-81       1500          0         30                                                                                                                   

SQL>  SELECT *
  2   FROM EMP
  3   WHERE JOB IN ('CLERK', 'ANALYST', 'SALESMAN');

     EMPNO ENAME      JOB              MGR HIREDATE         SAL       COMM     DEPTNO                                                                                                                   
---------- ---------- --------- ---------- --------- ---------- ---------- ----------                                                                                                                   
      7369 SMITH      CLERK           7902 17-DEC-80        800                    20                                                                                                                   
      7499 ALLEN      SALESMAN        7698 20-FEB-81       1600        300         30                                                                                                                   
      7521 WARD       SALESMAN        7698 22-FEB-81       1250        500         30                                                                                                                   
      7654 MARTIN     SALESMAN        7698 28-SEP-81       1250       1400         30                                                                                                                   
      7788 SCOTT      ANALYST         7566 19-APR-87       3000                    20                                                                                                                   
      7844 TURNER     SALESMAN        7698 08-SEP-81       1500          0         30                                                                                                                   
      7876 ADAMS      CLERK           7788 23-MAY-87       1100                    20                                                                                                                   
      7900 JAMES      CLERK           7698 03-DEC-81        950                    30                                                                                                                   
      7902 FORD       ANALYST         7566 03-DEC-81       3000                    20                                                                                                                   
      7934 MILLER     CLERK           7782 23-JAN-82       1300                    10                                                                                                                   

10 rows selected.

SQL> SELECT ENAME
  2  FROM EMP
  3  WHERE ENAME LIKE 'A%' AND ENAME LIKE '%N';

ENAME                                                                                                                                                                                                   
----------                                                                                                                                                                                              
ALLEN                                                                                                                                                                                                   

SQL> SELECT ENAME
  2  FROM EMP
  3  WHERE ENAME NOT LIKE 'N%';

ENAME                                                                                                                                                                                                   
----------                                                                                                                                                                                              
SMITH                                                                                                                                                                                                   
ALLEN                                                                                                                                                                                                   
WARD                                                                                                                                                                                                    
JONES                                                                                                                                                                                                   
MARTIN                                                                                                                                                                                                  
BLAKE                                                                                                                                                                                                   
CLARK                                                                                                                                                                                                   
SCOTT                                                                                                                                                                                                   
KING                                                                                                                                                                                                    
TURNER                                                                                                                                                                                                  
ADAMS                                                                                                                                                                                                   
JAMES                                                                                                                                                                                                   
FORD                                                                                                                                                                                                    
MILLER                                                                                                                                                                                                  

14 rows selected.

SQL> SELECT ENAME
  2  FROM EMP
  3  WHERE ENAME LIKE '_____%' AND SAL BETWEEN 2000 AND 20000;

ENAME                                                                                                                                                                                                   
----------                                                                                                                                                                                              
JONES                                                                                                                                                                                                   
BLAKE                                                                                                                                                                                                   
CLARK                                                                                                                                                                                                   
SCOTT                                                                                                                                                                                                   

SQL> SELECT ENAME
  2  FROM EMP
  3  WHERE JOB IN ('ANALYST','SALESMAN') AND DEPTNO IN (10,20) AND SAL<30000;

ENAME                                                                                                                                                                                                   
----------                                                                                                                                                                                              
SCOTT                                                                                                                                                                                                   
FORD                                                                                                                                                                                                    

SQL> SELECT ENAME FROM EMP WHERE HIREDATE BETWEEN '01-JAN-82' AND '31-DEC-82' AND SAL>1000;

ENAME                                                                                                                                                                                                   
----------                                                                                                                                                                                              
MILLER                                                                                                                                                                                                  

SQL> SELECT ENAME FROM EMP WHERE JOB='SALESMAN' AND COMM IS NULL;

no rows selected

SQL> SELECT ENAME,JOB
  2  FROM EMP
  3  WHERE ENAME LIKE '_L%' AND JOB NOT IN ('SALESMAN');

ENAME      JOB                                                                                                                                                                                          
---------- ---------                                                                                                                                                                                    
BLAKE      MANAGER                                                                                                                                                                                      
CLARK      MANAGER                                                                                                                                                                                      

SQL> SELECT ENAME
  2  FROM EMP
  3  WHERE ENAME LIKE '__R%' AND COMM IS NOT NULL;

ENAME                                                                                                                                                                                                   
----------                                                                                                                                                                                              
WARD                                                                                                                                                                                                    
MARTIN                                                                                                                                                                                                  
TURNER                                                                                                                                                                                                  

SQL> SELECT ENAME
  2  FROM EMP
  3  WHERE COMM>1000 AND HIREDATE LIKE 'SEPTEMBER%' AND ENAME LIKE '%T' AND DEPTNO NOT IN (10,20);

no rows selected

SQL> SELECT ENAME
  2  FROM EMP
  3  WHERE HIREDATE LIKE '17%' AND SAL=800 OR SAL=5000 AND DEPTNO NOT IN (30);

ENAME                                                                                                                                                                                                   
----------                                                                                                                                                                                              
SMITH                                                                                                                                                                                                   
KING                                                                                                                                                                                                    

SQL> SELECT ENAME,JOB
  2  FROM EMP
  3  WHERE JOB='ANALYST' ENAME NOT LIKE '%TT%' AND SAL BETWEEN 2000 AND 3000 AND DEPTNO NOT IN (10,20);
WHERE JOB='ANALYST' ENAME NOT LIKE '%TT%' AND SAL BETWEEN 2000 AND 3000 AND DEPTNO NOT IN (10,20)
                    *
ERROR at line 3:
ORA-00933: SQL command not properly ended 


SQL> ED
Wrote file afiedt.buf

  1  SELECT ENAME,JOB
  2  FROM EMP
  3* WHERE JOB='ANALYST' AND ENAME NOT LIKE '%TT%' AND SAL BETWEEN 2000 AND 3000 AND DEPTNO NOT IN (10,20)
SQL> /

no rows selected

SQL> SELECT ENAME
  2  FROM EMP
  3  WHERE ENAME LIKE '%LL%' AND JOB NOT IN ('SALESMAN', 'MANAGER') AND SAL<2000 AND HIREDATE LIKE 'JANUARY%' ;

no rows selected

SQL> SELECT ENAME
  2  FROM EMP
  3  WHERE JOB='ANALYST' AND ENAME LIKE '__S%' AND SAL>3000 ;

no rows selected

SQL> SELECT ENAME
  2  FROM EMP
  3  WHERE JOB='SALESMAN' AND HIREDATE BETWEEN '17-DEC-18' AND '08-DEC-81' AND DEPTNO=30;

no rows selected

SQL> SELECT ENAME
  2  FROM EMP
  3  WHERE ENAME='KING' AND SAL>5000 AND DEPTNO IN (10,20);

no rows selected

SQL> SELECT ENAME
  2  FROM EMP
  3  WHERE SAL>4000 AND COMM IS NULL AND DEPTNO=10;

ENAME                                                                                                                                                                                                   
----------                                                                                                                                                                                              
KING                                                                                                                                                                                                    

SQL> SELECT ENAME
  2  FROM EMP
  3  WHERE MGR IS NOT NULL AND DEPTNO IN (10,30) AND SAL>3000 ;

no rows selected

SQL> SELECT ENAME
  2  FROM EMP
  3  WHERE DEPTNO=20 AND SAL>2500 AND COMM IS NULL AND ENAME NOT LIKE 'S%' ;

ENAME                                                                                                                                                                                                   
----------                                                                                                                                                                                              
JONES                                                                                                                                                                                                   
FORD                                                                                                                                                                                                    

SQL> SELECT ENAME
  2  FROM EMP
  3  WHERE SAL NOT BETWEEN 2500 AND 5000 AND DEPTNO IN (10,20) AND (SAL*12) LIKE '%0';

ENAME                                                                                                                                                                                                   
----------                                                                                                                                                                                              
SMITH                                                                                                                                                                                                   
CLARK                                                                                                                                                                                                   
ADAMS                                                                                                                                                                                                   
MILLER        

SQL> SELECT DNAME
  2  FROM DEPT
  3  WHERE LOC LIKE 'A%A' AND DEPTNO NOT IN (10);

no rows selected

SQL> SELECT ENAME,JOB
  2  FROM EMP
  3  WHERE COMM IS NULL AND DEPTNO IN (20,30);

ENAME      JOB                                                                                                                                                                                          
---------- ---------                                                                                                                                                                                    
SMITH      CLERK                                                                                                                                                                                        
JONES      MANAGER                                                                                                                                                                                      
BLAKE      MANAGER                                                                                                                                                                                      
SCOTT      ANALYST                                                                                                                                                                                      
ADAMS      CLERK                                                                                                                                                                                        
JAMES      CLERK                                                                                                                                                                                        
FORD       ANALYST                                                                                                                                                                                      

7 rows selected.

SQL> SELECT ENAME
  2  FROM EMP
  3  WHERE ENAME LIKE '%A%' AND ENAME LIKE '%R%' AND COMM IS NOT NULL ;

ENAME                                                                                                                                                                                                   
----------                                                                                                                                                                                              
WARD                                                                                                                                                                                                    
MARTIN                                                                                                                                                                                                  

SQL> SELECT ENAME,SAL
  2  FROM EMP ;

ENAME             SAL                                                                                                                                                                                   
---------- ----------                                                                                                                                                                                   
SMITH             800                                                                                                                                                                                   
ALLEN            1600                                                                                                                                                                                   
WARD             1250                                                                                                                                                                                   
JONES            2975                                                                                                                                                                                   
MARTIN           1250                                                                                                                                                                                   
BLAKE            2850                                                                                                                                                                                   
CLARK            2450                                                                                                                                                                                   
SCOTT            3000                                                                                                                                                                                   
KING             5000                                                                                                                                                                                   
TURNER           1500                                                                                                                                                                                   
ADAMS            1100                                                                                                                                                                                   
JAMES             950                                                                                                                                                                                   
FORD             3000                                                                                                                                                                                   
MILLER           1300                                                                                                                                                                                   

14 rows selected.

SQL> SELECT ENAME
  2  FROM EMP
  3  WHERE SAL BETWEEN 1000 AND 5000 AND HIREDATE LIKE '80%';

no rows selected

SQL> SELECT DNAME
  2  FROM DEPT
  3  WHERE LOC LIKE '%ON%';

DNAME                                                                                                                                                                                                   
--------------                                                                                                                                                                                          
OPERATIONS                                                                                                                                                                                              

SQL> SELECT ENAME
  2  FROM EMP
  3  WHERE HIREDATE BETWEEN '1-JAN-81' AND '31-DEC-81' AND MGR IS NULL;

ENAME                                                                                                                                                                                                   
----------                                                                                                                                                                                              
KING                                                                                                                                                                                                    

SQL> SELECT
  2  
SQL> SELECT ENAME
  2  FROM EMP
  3  WHERE SAL<1000 AND ENAME LIKE 'S%' AND ENAME LIKE '%H' AND DEPTNO=20;

ENAME                                                                                                                                                                                                   
----------                                                                                                                                                                                              
SMITH                                                                                                                                                                                                   

SQL> SELECT ENAME
  2  FROM EMP
  3  WHERE HIREDATE>'17-DEC-80' AND SAL>2000 AND JOB='ANALYST' AND ENAME LIKE 'S%' AND ENAME LIKE '%H';

no rows selected

SQL> ED
Wrote file afiedt.buf

  1  SELECT ENAME
  2  FROM EMP
  3* WHERE HIREDATE>'17-DEC-80' AND SAL>2000 AND JOB='ANALYST' AND ENAME LIKE 'S%' AND ENAME LIKE '%T'
SQL> /

ENAME                                                                                                                                                                                                   
----------                                                                                                                                                                                              
SCOTT                                                                                                                                                                                                   

SQL> SELECT ENAME
  2  FROM EMP
  3  WHERE ENAME LIKE '%O%' AND JOB='ANALYST' AND HIREDATE>'17-NOV-81';

ENAME                                                                                                                                                                                                   
----------                                                                                                                                                                                              
SCOTT                                                                                                                                                                                                   
FORD                                                                                                                                                                                                    

SQL> SELECT ENAME
  2  FROM EMP
  3  WHERE JOB IN ('SALESMAN','ANALYST','PRESIDENT','MANAGER') AND SAL>1000 AND COMM IS NOT NULL;

ENAME                                                                                                                                                                                                   
----------                                                                                                                                                                                              
ALLEN                                                                                                                                                                                                   
WARD                                                                                                                                                                                                    
MARTIN                                                                                                                                                                                                  
TURNER                                                                                                                                                                                                  

SQL> SELECT ENAME
  2  FROM EMP
  3  WHERE JOB NOT IN ('MANAGER','ANALYST') AND DEPTNO IN (20,30) AND SAL BETWEEN 1000 AND 3000 AND ENAME LIKE '%O%';

no rows selected

SQL> SELECT ENAME
  2  FROM EMP
  3  WHERE JOB IN ('SALESMAN','ANALYST') AND DEPTNO IN (20,30) AND SAL BETWEEN 1000 AND 2000;\
  4  
SQL> SELECT ENAME
  2  FROM EMP
  3  WHERE JOB IN ('SALESMAN',ANALYST') AND DEPTNO IN (20,30) AND SAL BETWEEN 1000 AND 2000 ;
ERROR:
ORA-01756: quoted string not properly terminated 


SQL> ED
Wrote file afiedt.buf

  1  SELECT ENAME
  2  FROM EMP
  3* WHERE JOB IN ('SALESMAN','ANALYST') AND DEPTNO IN (20,30) AND SAL BETWEEN 1000 AND 2000 
SQL> /

ENAME                                                                                                                                                                                                   
----------                                                                                                                                                                                              
ALLEN                                                                                                                                                                                                   
WARD                                                                                                                                                                                                    
MARTIN                                                                                                                                                                                                  
TURNER                                                                                                                                                                                                  

SQL> SELECT ENAME
  2  FROM EMP
  3  WHERE SAL NOT BETWEEN 2000 AND 3000 AND DEPTNO=10 AND JOB NOT IN ('CLERK');

ENAME                                                                                                                                                                                                   
----------                                                                                                                                                                                              
KING                                                                                                                                                                                                    

SQL> SELECT ENAME,JOB
  2  FROM EMP
  3  WHERE SAL*12 LIKE '%5';

no rows selected

SQL> SELECT ENAME
  2  FROM EMP
  3  WHERE ENAME LIKE '%W%' OR ENAME LIKE '%M%';

ENAME                                                                                                                                                                                                   
----------                                                                                                                                                                                              
SMITH                                                                                                                                                                                                   
WARD                                                                                                                                                                                                    
MARTIN                                                                                                                                                                                                  
ADAMS                                                                                                                                                                                                   
JAMES                                                                                                                                                                                                   
MILLER                                                                                                                                                                                                  

6 rows selected.

SQL> SELECT EMPNO
  2  FROM EMP
  3  WHERE EMPNO LIKE '%4' OR EMPNO LIKE '%7';

     EMPNO                                                                                                                                                                                              
----------                                                                                                                                                                                              
      7654                                                                                                                                                                                              
      7844                                                                                                                                                                                              
      7934                                                                                                                                                                                              

SQL> SELECT ENAME
  2  FROM EMP
  3  WHERE ENAME LIKE 'BLAKE' OR ENAME LIKE 'KING';

ENAME                                                                                                                                                                                                   
----------                                                                                                                                                                                              
BLAKE                                                                                                                                                                                                   
KING                                                                                                                                                                                                    

SQL> SELECT ENAME
  2  FROM EMP
  3  WHERE HIREDATE LIKE '%82' AND SAL>2000;

no rows selected

SQL> SELECT ENAME
  2  FROM EMP
  3  WHERE ENAME LIKE 'A%A%';

ENAME                                                                                                                                                                                                   
----------                                                                                                                                                                                              
ADAMS                                                                                                                                                                                                   

SQL> SELECT ENAME
  2  FROM EMP
  3  WHERE DEPTNO=10 AND SAL<1000;

no rows selected

SQL> SELECT ENAME
  2  FROM EMP
  3  WHERE COMM IS NOT NULL AND JOB NOT IN ('MANAGER','CLERK');

ENAME                                                                                                                                                                                                   
----------                                                                                                                                                                                              
ALLEN                                                                                                                                                                                                   
WARD                                                                                                                                                                                                    
MARTIN                                                                                                                                                                                                  
TURNER                                                                                                                                                                                                  

SQL> SELECT *
  2  FROM EMP
  3  WHERE COMM IS NOT NULL AND JOB IN ('MANAGER','CLERK');

no rows selected

SQL> SELECT ENAME
  2  FROM EMP
  3  WHERE HIREDATE LIKE 'DECEMBER';

no rows selected

SQL> SELECT ENAME
  2  FROM EMP
  3  WHERE ENAME LIKE '%LL%';

ENAME                                                                                                                                                                                                   
----------                                                                                                                                                                                              
ALLEN                                                                                                                                                                                                   
MILLER                                                                                                                                                                                                  

SQL> SELECT ENAME,SAL
  2  FROM EMP
  3  WHERE SAL NOT BETWEEN 2000 AND 5000 AND DEPT IN (10,20);
WHERE SAL NOT BETWEEN 2000 AND 5000 AND DEPT IN (10,20)
                                        *
ERROR at line 3:
ORA-00904: "DEPT": invalid identifier 


SQL> ED
Wrote file afiedt.buf

  1  SELECT ENAME,SAL
  2  FROM EMP
  3* WHERE SAL NOT BETWEEN 2000 AND 5000 AND DEPTNO IN (10,20)
SQL> /

ENAME             SAL                                                                                                                                                                                   
---------- ----------                                                                                                                                                                                   
SMITH             800                                                                                                                                                                                   
ADAMS            1100                                                                                                                                                                                   
MILLER           1300                                                                                                                                                                                   

SQL> SELECT ENAME
  2  FROM EMP
  3  WHERE JOB NOT IN ('CLERK','SALESMAN') AND DEPTNO=10;

ENAME                                                                                                                                                                                                   
----------                                                                                                                                                                                              
CLARK                                                                                                                                                                                                   
KING                                                                                                                                                                                                    

SQL> SELECT LOC
  2  FRPM DEPT
  3  WHERE ENAME LIKE '%O%' AND DEPTNO IN (30,40);
FRPM DEPT
     *
ERROR at line 2:
ORA-00923: FROM keyword not found where expected 


SQL> ED
Wrote file afiedt.buf

  1  SELECT LOC
  2  FROM DEPT
  3* WHERE ENAME LIKE '%O%' AND DEPTNO IN (30,40)
SQL> /
WHERE ENAME LIKE '%O%' AND DEPTNO IN (30,40)
      *
ERROR at line 3:
ORA-00904: "ENAME": invalid identifier 


SQL> ED
Wrote file afiedt.buf

  1  SELECT LOC
  2  FROM DEPT
  3* WHERE LOC LIKE '%O%' AND DEPTNO IN (30,40)
SQL> /

LOC                                                                                                                                                                                                     
-------------                                                                                                                                                                                           
CHICAGO                                                                                                                                                                                                 
BOSTON                                                                                                                                                                                                  

SQL> SELECT ENAME
  2  FROM EMP
  3  WHERE JOB NOT IN ('CLERK') AND (SAL*12)>1000;

ENAME                                                                                                                                                                                                   
----------                                                                                                                                                                                              
ALLEN                                                                                                                                                                                                   
WARD                                                                                                                                                                                                    
JONES                                                                                                                                                                                                   
MARTIN                                                                                                                                                                                                  
BLAKE                                                                                                                                                                                                   
CLARK                                                                                                                                                                                                   
SCOTT                                                                                                                                                                                                   
KING                                                                                                                                                                                                    
TURNER                                                                                                                                                                                                  
FORD                                                                                                                                                                                                    

10 rows selected.

SQL> SELECT ENAME
  2  FROM EMP
  3  WHERE ENAME LIKE '%II%';

no rows selected

SQL> SELECT ENAME,EMPNO
  2  FROM EMP
  3  WHERE EMPNO LIKE '%9';

ENAME           EMPNO                                                                                                                                                                                   
---------- ----------                                                                                                                                                                                   
SMITH            7369                                                                                                                                                                                   
ALLEN            7499                                                                                                                                                                                   
KING             7839                                                                                                                                                                                   

SQL> SELECT ENAME
  2  FROM EMP
  3  WHERE (SAL*12)>=10000;

ENAME                                                                                                                                                                                                   
----------                                                                                                                                                                                              
ALLEN                                                                                                                                                                                                   
WARD                                                                                                                                                                                                    
JONES                                                                                                                                                                                                   
MARTIN                                                                                                                                                                                                  
BLAKE                                                                                                                                                                                                   
CLARK                                                                                                                                                                                                   
SCOTT                                                                                                                                                                                                   
KING                                                                                                                                                                                                    
TURNER                                                                                                                                                                                                  
ADAMS                                                                                                                                                                                                   
JAMES                                                                                                                                                                                                   
FORD                                                                                                                                                                                                    
MILLER                                                                                                                                                                                                  

13 rows selected.

SQL> SELECT ENAME
  2  FROM EMP
  3  WHERE ENAME LIKE '%TT%';

ENAME                                                                                                                                                                                                   
----------                                                                                                                                                                                              
SCOTT                                                                                                                                                                                                   

SQL> SELECT ENAME,JOB,DEPTNO
  2  FROM MGR IS NULL ;
FROM MGR IS NULL 
         *
ERROR at line 2:
ORA-00933: SQL command not properly ended 


SQL> ED
Wrote file afiedt.buf

  1  SELECT ENAME,JOB,DEPTNO
  2  FROM EMP
  3* WHERE MGR IS NULL 
SQL> /

ENAME      JOB           DEPTNO                                                                                                                                                                         
---------- --------- ----------                                                                                                                                                                         
KING       PRESIDENT         10                                                                                                                                                                         

SQL> SELECT ENAME
  2  FROM EMP
  3  WHERE SAL<1000 AND DEPTNO IN (10,30) ;

ENAME                                                                                                                                                                                                   
----------                                                                                                                                                                                              
JAMES                                                                                                                                                                                                   

SQL> SELECT ENAME
  2  FROM EMP
  3  WHERE SAL NOT BETWEEN 1000 AND 2000 AND DEPTNO IN (10,20) AND JOB NOT IN ('MANAGER');

ENAME                                                                                                                                                                                                   
----------                                                                                                                                                                                              
SMITH                                                                                                                                                                                                   
SCOTT                                                                                                                                                                                                   
KING                                                                                                                                                                                                    
FORD         

SQL> SELECT ENAME,JOB
  2  FROM EMP
  3  WHERE ENAME LIKE '%LL%' AND JOB LIKE '%L%' AND DEPTNO=10;

ENAME      JOB                                                                                                                                                                                          
---------- ---------                                                                                                                                                                                    
MILLER     CLERK                                                                                                                                                                                        

SQL> SELECT ENAME,SAL*12 AS ANNUAL_SAL
  2  FROM EMP
  3  WHERE SAL BETWEEN 1000 AND 5000 AND DEPTNO NOT IN (20) AND HIREDATE>'01-JAN-82' AND HIRDATE<'01-JAN-88';
WHERE SAL BETWEEN 1000 AND 5000 AND DEPTNO NOT IN (20) AND HIREDATE>'01-JAN-82' AND HIRDATE<'01-JAN-88'
                                                                                    *
ERROR at line 3:
ORA-00904: "HIRDATE": invalid identifier 


SQL> ED
Wrote file afiedt.buf

  1  SELECT ENAME,SAL*12 AS ANNUAL_SAL
  2  FROM EMP
  3* WHERE SAL BETWEEN 1000 AND 5000 AND DEPTNO NOT IN (20) AND HIREDATE>'01-JAN-82' AND HIREDATE<'01-JAN-88'
SQL> /

ENAME      ANNUAL_SAL                                                                                                                                                                                   
---------- ----------                                                                                                                                                                                   
MILLER          15600                                                                                                                                                                                   

SQL> SELECT ENAME,MGR
  2  FROM EMP
  3  WHERE MGR IS NOT NULL AND DEPTNO=20 OR DEPTNO=30 AND ENAME LIKE 'S%';

ENAME             MGR                                                                                                                                                                                   
---------- ----------                                                                                                                                                                                   
SMITH            7902                                                                                                                                                                                   
JONES            7839                                                                                                                                                                                   
SCOTT            7566                                                                                                                                                                                   
ADAMS            7788                                                                                                                                                                                   
FORD             7566                                                                                                                                                                                   

SQL> SELECT DNAME
  2  FROM DEPT
  3  WHERE LOC NOT LIKE '%T%' AND DNAME NOT LIKE '%T%';

DNAME                                                                                                                                                                                                   
--------------                                                                                                                                                                                          
RESEARCH                                                                                                                                                                                                
SALES                                                                                                                                                                                                   

SQL> SELECT ENAME,HIREDATE
  2  FROM EMP
  3  WHERE HIREDATE>'01-JAN-83' AND SAL BETWEEN 500 AND 1500 AND COMM IS NULL;

ENAME      HIREDATE                                                                                                                                                                                     
---------- ---------                                                                                                                                                                                    
ADAMS      23-MAY-87                                                                                                                                                                                    

SQL> SELECT JOB,HIREDATE,COMM
  2  FROM EMP
  3  WHERE JOB='SALESMAN' AND DEPTNO=30 AND HIREDATE BETWEEN '01-JAN-81' AND '31-DEC-81' AND COMM IS NOT NULL;

JOB       HIREDATE        COMM                                                                                                                                                                          
--------- --------- ----------                                                                                                                                                                          
SALESMAN  20-FEB-81        300                                                                                                                                                                          
SALESMAN  22-FEB-81        500                                                                                                                                                                          
SALESMAN  28-SEP-81       1400                                                                                                                                                                          
SALESMAN  08-SEP-81          0                                                                                                                                                                          

SQL> SELECT ENAME
  2  FROM EMP
  3  WHERE DEPTNO IN (20,30) AND EMPNO LIKE '%8' OR EMPNO LIKE '%9' AND SAL<5000;

ENAME                                                                                                                                                                                                   
----------                                                                                                                                                                                              
SMITH                                                                                                                                                                                                   
ALLEN                                                                                                                                                                                                   
BLAKE                                                                                                                                                                                                   
SCOTT                                                                                                                                                                                                   

SQL> SELECT ENAME,JOB
  2  FROM EMP
  3  WHERE DEPTNO IN (10,20,30) AND ENAME LIKE 'A%';

ENAME      JOB                                                                                                                                                                                          
---------- ---------                                                                                                                                                                                    
ALLEN      SALESMAN                                                                                                                                                                                     
ADAMS      CLERK                                                                                                                                                                                        

SQL> SELECT ENAME,JOB
  2  FROM EMP
  3  WHERE JOB IN ('MANAGER','SALESMAN','ANALYST') SAL>=3000;
WHERE JOB IN ('MANAGER','SALESMAN','ANALYST') SAL>=3000
                                              *
ERROR at line 3:
ORA-00933: SQL command not properly ended 


SQL> ED
Wrote file afiedt.buf

  1  SELECT ENAME,JOB
  2  FROM EMP
  3* WHERE JOB IN ('MANAGER','SALESMAN','ANALYST') AND  SAL>=3000
SQL> /

ENAME      JOB                                                                                                                                                                                          
---------- ---------                                                                                                                                                                                    
SCOTT      ANALYST                                                                                                                                                                                      
FORD       ANALYST                                                                                                                                                                                      

SQL> SELECT *
  2  FROM EMP
  3  WHERE JOB IN ('MANAGER','SALESMAN','ANALYST') AND SAL>=3000;

     EMPNO ENAME      JOB              MGR HIREDATE         SAL       COMM     DEPTNO                                                                                                                   
---------- ---------- --------- ---------- --------- ---------- ---------- ----------                                                                                                                   
      7788 SCOTT      ANALYST         7566 19-APR-87       3000                    20                                                                                                                   
      7902 FORD       ANALYST         7566 03-DEC-81       3000                    20                                                                                                                   

SQL> SELECT JOB
  2  FROM EMP
  3  WHERE JOB='ANALYST' AND ENAME NOT LIKE '%S';

JOB                                                                                                                                                                                                     
---------                                                                                                                                                                                               
ANALYST                                                                                                                                                                                                 
ANALYST                                                                                                                                                                                                 

SQL> ED
Wrote file afiedt.buf

  1  SELECT ENAME,JOB
  2  FROM EMP
  3* WHERE JOB='ANALYST' AND ENAME NOT LIKE '%S'
SQL> /

ENAME      JOB                                                                                                                                                                                          
---------- ---------                                                                                                                                                                                    
SCOTT      ANALYST                                                                                                                                                                                      
FORD       ANALYST                                                                                                                                                                                      

SQL> SELECT * FROM EMP WHERE JOB='ANALYST' AND JOB NOT LIKE '%S';

     EMPNO ENAME      JOB              MGR HIREDATE         SAL       COMM     DEPTNO                                                                                                                   
---------- ---------- --------- ---------- --------- ---------- ---------- ----------                                                                                                                   
      7788 SCOTT      ANALYST         7566 19-APR-87       3000                    20                                                                                                                   
      7902 FORD       ANALYST         7566 03-DEC-81       3000                    20                                                                                                                   

SQL> SELECT ENAME FROM EMP WHERE SAL>2000;

ENAME                                                                                                                                                                                                   
----------                                                                                                                                                                                              
JONES                                                                                                                                                                                                   
BLAKE                                                                                                                                                                                                   
CLARK                                                                                                                                                                                                   
SCOTT                                                                                                                                                                                                   
KING                                                                                                                                                                                                    
FORD                                                                                                                                                                                                    

6 rows selected.

SQL> SELECT * FROM EMP WHERE (SAL+COMM)>2000;

     EMPNO ENAME      JOB              MGR HIREDATE         SAL       COMM     DEPTNO                                                                                                                   
---------- ---------- --------- ---------- --------- ---------- ---------- ----------                                                                                                                   
      7654 MARTIN     SALESMAN        7698 28-SEP-81       1250       1400         30                                                                                                                   

SQL> SELECT ENAME FROM EMP WHERE DEPTNO BETWEEN 10 AND 20 AND SAL BETWEEN 1000 AND 4000 ;

ENAME                                                                                                                                                                                                   
----------                                                                                                                                                                                              
JONES                                                                                                                                                                                                   
CLARK                                                                                                                                                                                                   
SCOTT                                                                                                                                                                                                   
ADAMS                                                                                                                                                                                                   
FORD                                                                                                                                                                                                    
MILLER                                                                                                                                                                                                  

6 rows selected.

SQL> SELECT * FROM EMP
  2  
SQL> SELECT * FROM EMP WHERE DEPTNO BETWEEN 10 AND 20 AND SAL BETWEEN 1000 AND 4000;

     EMPNO ENAME      JOB              MGR HIREDATE         SAL       COMM     DEPTNO                                                                                                                   
---------- ---------- --------- ---------- --------- ---------- ---------- ----------                                                                                                                   
      7566 JONES      MANAGER         7839 02-APR-81       2975                    20                                                                                                                   
      7782 CLARK      MANAGER         7839 09-JUN-81       2450                    10                                                                                                                   
      7788 SCOTT      ANALYST         7566 19-APR-87       3000                    20                                                                                                                   
      7876 ADAMS      CLERK           7788 23-MAY-87       1100                    20                                                                                                                   
      7902 FORD       ANALYST         7566 03-DEC-81       3000                    20                                                                                                                   
      7934 MILLER     CLERK           7782 23-JAN-82       1300                    10                                                                                                                   

6 rows selected.

SQL> SELECT ENAME
  2  FROM EMP
  3  WHERE SAL LIKE '____%' AND SAL LIKE
  4  '2%' AND SAL LIKE '%0';

ENAME                                                                                                                                                                                                   
----------                                                                                                                                                                                              
BLAKE                                                                                                                                                                                                   
CLARK                                                                                                                                                                                                   

SQL> SELECT * FROM EMP WHERE SAL LIKE '2%0';

     EMPNO ENAME      JOB              MGR HIREDATE         SAL       COMM     DEPTNO                                                                                                                   
---------- ---------- --------- ---------- --------- ---------- ---------- ----------                                                                                                                   
      7698 BLAKE      MANAGER         7839 01-MAY-81       2850                    30                                                                                                                   
      7782 CLARK      MANAGER         7839 09-JUN-81       2450                    10                                                                                                                   

SQL> SELECT ENAME,JOB
  2  FROM EMP
  3  WHERE SAL>3000 AND DEPTNO=20;

no rows selected

SQL> SELECT ENAME FROM EMP
  2  WHERE JOB NOT LIKE '%T';

ENAME                                                                                                                                                                                                   
----------                                                                                                                                                                                              
SMITH                                                                                                                                                                                                   
ALLEN                                                                                                                                                                                                   
WARD                                                                                                                                                                                                    
JONES                                                                                                                                                                                                   
MARTIN                                                                                                                                                                                                  
BLAKE                                                                                                                                                                                                   
CLARK                                                                                                                                                                                                   
TURNER                                                                                                                                                                                                  
ADAMS                                                                                                                                                                                                   
JAMES                                                                                                                                                                                                   
MILLER                                                                                                                                                                                                  

11 rows selected.

SQL> SELECT ENAME,JOB
  2  FROM EMP
  3  WHERE JOB IN ('MANAGER','ANALYST');

ENAME      JOB                                                                                                                                                                                          
---------- ---------                                                                                                                                                                                    
JONES      MANAGER                                                                                                                                                                                      
BLAKE      MANAGER                                                                                                                                                                                      
CLARK      MANAGER                                                                                                                                                                                      
SCOTT      ANALYST                                                                                                                                                                                      
FORD       ANALYST                                                                                                                                                                                      

SQL> SELECT ENAME FROM EMP WHERE SAL BETWEEN 2500 AND 5000 AND DEPTNO IN (10,20) ;

ENAME                                                                                                                                                                                                   
----------                                                                                                                                                                                              
JONES                                                                                                                                                                                                   
SCOTT                                                                                                                                                                                                   
KING                                                                                                                                                                                                    
FORD                                                                                                                                                                                                    

SQL> SELECT ENAME,JOB
  2  FROM EMP
  3  WHERE JOB NOT IN ('PRESIDENT','CLERK');

ENAME      JOB                                                                                                                                                                                          
---------- ---------                                                                                                                                                                                    
ALLEN      SALESMAN                                                                                                                                                                                     
WARD       SALESMAN                                                                                                                                                                                     
JONES      MANAGER                                                                                                                                                                                      
MARTIN     SALESMAN                                                                                                                                                                                     
BLAKE      MANAGER                                                                                                                                                                                      
CLARK      MANAGER                                                                                                                                                                                      
SCOTT      ANALYST                                                                                                                                                                                      
TURNER     SALESMAN                                                                                                                                                                                     
FORD       ANALYST                                                                                                                                                                                      

9 rows selected.

SQL> SELECT *
  2  FROM EMP
  3  WHERE JOB='ANALYST';

     EMPNO ENAME      JOB              MGR HIREDATE         SAL       COMM      
---------- ---------- --------- ---------- --------- ---------- ----------      
    DEPTNO                                                                      
----------                                                                      
      7788 SCOTT      ANALYST         7566 19-APR-87       3000                 
        20                                                                      
                                                                                
      7902 FORD       ANALYST         7566 03-DEC-81       3000                 
        20                                                                      
                                                                                

SQL> SET PAGES 200 LINES 200
SQL> SELECT *
  2  FROM EMP
  3  WHERE COMM IS NULL;

     EMPNO ENAME      JOB              MGR HIREDATE         SAL       COMM     DEPTNO                                                                                                                   
---------- ---------- --------- ---------- --------- ---------- ---------- ----------                                                                                                                   
      7369 SMITH      CLERK           7902 17-DEC-80        800                    20                                                                                                                   
      7566 JONES      MANAGER         7839 02-APR-81       2975                    20                                                                                                                   
      7698 BLAKE      MANAGER         7839 01-MAY-81       2850                    30                                                                                                                   
      7782 CLARK      MANAGER         7839 09-JUN-81       2450                    10                                                                                                                   
      7788 SCOTT      ANALYST         7566 19-APR-87       3000                    20                                                                                                                   
      7839 KING       PRESIDENT            17-NOV-81       5000                    10                                                                                                                   
      7876 ADAMS      CLERK           7788 23-MAY-87       1100                    20                                                                                                                   
      7900 JAMES      CLERK           7698 03-DEC-81        950                    30                                                                                                                   
      7902 FORD       ANALYST         7566 03-DEC-81       3000                    20                                                                                                                   
      7934 MILLER     CLERK           7782 23-JAN-82       1300                    10                                                                                                                   

10 rows selected.

SQL> SELECT EMP.*,SAL*12+500 AS BONUS_ANNUAL_SAL
  2  FROM EMP
  3  WHERE JOB='MANAGER' AND HIREDATE LIKE '%APR%' AND HIREDATE LIKE '%MAY%';

no rows selected

SQL> ED
Wrote file afiedt.buf

  1  SELECT EMP.*,SAL*12+500 AS BONUS_ANNUAL_SAL
  2  FROM EMP
  3* WHERE JOB='MANAGER' AND (HIREDATE LIKE '%APR%' OR HIREDATE LIKE '%MAY%')
SQL> /

     EMPNO ENAME      JOB              MGR HIREDATE         SAL       COMM     DEPTNO BONUS_ANNUAL_SAL                                                                                                  
---------- ---------- --------- ---------- --------- ---------- ---------- ---------- ----------------                                                                                                  
      7566 JONES      MANAGER         7839 02-APR-81       2975                    20            36200                                                                                                  
      7698 BLAKE      MANAGER         7839 01-MAY-81       2850                    30            34700                                                                                                  

SQL> SELECT *
  2  FROM EMP
  3  WHERE JOB LIKE '%E%' AND DEPTNO IN (20,30) AND (EMPNO LIKE '78%' OR EMPNO LIKE '79%');

     EMPNO ENAME      JOB              MGR HIREDATE         SAL       COMM     DEPTNO                                                                                                                   
---------- ---------- --------- ---------- --------- ---------- ---------- ----------                                                                                                                   
      7844 TURNER     SALESMAN        7698 08-SEP-81       1500          0         30                                                                                                                   
      7876 ADAMS      CLERK           7788 23-MAY-87       1100                    20                                                                                                                   
      7900 JAMES      CLERK           7698 03-DEC-81        950                    30                                                                                                                   

SQL> SELECT *
  2  FROM EMP
  3  WHERE JOB='MANAGER' AND DEPT IN (20,30) AND HIREDATE BETWEEN '02-JAN-81' AND '09-JUN-81';
WHERE JOB='MANAGER' AND DEPT IN (20,30) AND HIREDATE BETWEEN '02-JAN-81' AND '09-JUN-81'
                        *
ERROR at line 3:
ORA-00904: "DEPT": invalid identifier 


SQL> SELECT *
  2  FROM EMP
  3  WHERE JOB='MANAGER' AND DEPTNO IN (20,30) AND HIREDATE BETWEEN '02-JAN-81' AND '09-JUN-81';

     EMPNO ENAME      JOB              MGR HIREDATE         SAL       COMM     DEPTNO                                                                                                                   
---------- ---------- --------- ---------- --------- ---------- ---------- ----------                                                                                                                   
      7566 JONES      MANAGER         7839 02-APR-81       2975                    20                                                                                                                   
      7698 BLAKE      MANAGER         7839 01-MAY-81       2850                    30                                                                                                                   

SQL> SELECT JOB,HIREDTAE F
  2  ED
  3  
SQL> SELECT JOB,HIREDATE
  2  FROM ENAME>='A' AND ENAME <'T' AND DEPTNO IN (20,30);
FROM ENAME>='A' AND ENAME <'T' AND DEPTNO IN (20,30)
          *
ERROR at line 2:
ORA-00933: SQL command not properly ended 


SQL>  SELECT JOB,HIREDATE
  2   FROM EMP
  3  WHERE ENAME>='A' AND ENAME <'T' AND DEPTNO IN (20,30);

JOB       HIREDATE                                                                                                                                                                                      
--------- ---------                                                                                                                                                                                     
CLERK     17-DEC-80                                                                                                                                                                                     
SALESMAN  20-FEB-81                                                                                                                                                                                     
MANAGER   02-APR-81                                                                                                                                                                                     
SALESMAN  28-SEP-81                                                                                                                                                                                     
MANAGER   01-MAY-81                                                                                                                                                                                     
ANALYST   19-APR-87                                                                                                                                                                                     
CLERK     23-MAY-87                                                                                                                                                                                     
CLERK     03-DEC-81                                                                                                                                                                                     
ANALYST   03-DEC-81                                                                                                                                                                                     

9 rows selected.

SQL> ED
Wrote file afiedt.buf

  1   SELECT JOB,HIREDATE
  2   FROM EMP
  3* WHERE SUBSTR(UPPER(ENAME),1,1) BETWEEN 'A' AND 'S' AND DEPTNO IN (20,30)
SQL> /

JOB       HIREDATE                                                                                                                                                                                      
--------- ---------                                                                                                                                                                                     
CLERK     17-DEC-80                                                                                                                                                                                     
SALESMAN  20-FEB-81                                                                                                                                                                                     
MANAGER   02-APR-81                                                                                                                                                                                     
SALESMAN  28-SEP-81                                                                                                                                                                                     
MANAGER   01-MAY-81                                                                                                                                                                                     
ANALYST   19-APR-87                                                                                                                                                                                     
CLERK     23-MAY-87                                                                                                                                                                                     
CLERK     03-DEC-81                                                                                                                                                                                     
ANALYST   03-DEC-81                                                                                                                                                                                     

9 rows selected.

SQL> 
SQL> SELECT DNAME
  2  FROM DEPT
  3  WHERE DNAME LIKE ('%SS%' AND '%O%') OR LOC LIKE '%A%';
WHERE DNAME LIKE ('%SS%' AND '%O%') OR LOC LIKE '%A%'
                         *
ERROR at line 3:
ORA-00907: missing right parenthesis 


SQL> ED
Wrote file afiedt.buf

  1  SELECT DNAME
  2  FROM DEPT
  3* WHERE DNAME LIKE ('%SS%' AND '%O%') OR LOC LIKE '%A%'
  4  /
WHERE DNAME LIKE ('%SS%' AND '%O%') OR LOC LIKE '%A%'
                         *
ERROR at line 3:
ORA-00907: missing right parenthesis 


SQL> SELECT DNAME
  2  FROM DEPT
  3  WHERE (DNAME LIKE ('%SS%' AND '%O%')) OR LOC LIKE '%A%';
WHERE (DNAME LIKE ('%SS%' AND '%O%')) OR LOC LIKE '%A%'
             *
ERROR at line 3:
ORA-00907: missing right parenthesis 


SQL> SELECT DNAME
  2  FROM DEPT
  3  WHERE (DNAME LIKE '%SS%' AND DNAME LIKE '%O%')
  4     OR LOC LIKE '%A%';

DNAME                                                                                                                                                                                                   
--------------                                                                                                                                                                                          
RESEARCH                                                                                                                                                                                                
SALES                                                                                                                                                                                                   

SQL> SELECT *
  2  FROM EMP
  3  WHERE DEPTNO IN(20,30) AND HIREDATE BETWEEN '02-JAN-81' AND '09-JUN-81';

     EMPNO ENAME      JOB              MGR HIREDATE         SAL       COMM     DEPTNO                                                                                                                   
---------- ---------- --------- ---------- --------- ---------- ---------- ----------                                                                                                                   
      7499 ALLEN      SALESMAN        7698 20-FEB-81       1600        300         30                                                                                                                   
      7521 WARD       SALESMAN        7698 22-FEB-81       1250        500         30                                                                                                                   
      7566 JONES      MANAGER         7839 02-APR-81       2975                    20                                                                                                                   
      7698 BLAKE      MANAGER         7839 01-MAY-81       2850                    30                                                                                                                   

SQL> SELECT *
  2  FROM EMP
  3  WHERE EMPNO LIKE ('78%' AND '79%') AND JOB LIKE '%E%' AND DEPTNO IN(20,30);
WHERE EMPNO LIKE ('78%' AND '79%') AND JOB LIKE '%E%' AND DEPTNO IN(20,30)
                        *
ERROR at line 3:
ORA-00907: missing right parenthesis 


SQL> ED
Wrote file afiedt.buf

  1  SELECT *
  2  FROM EMP
  3  WHERE (EMPNO LIKE '78%' OR EMPNO LIKE '79%')
  4    AND JOB LIKE '%E%'
  5*   AND DEPTNO IN (20, 30);
SQL> /
  AND DEPTNO IN (20, 30);
                        *
ERROR at line 5:
ORA-00911: invalid character 


SQL> ED
Wrote file afiedt.buf

  1  SELECT *
  2  FROM EMP
  3  WHERE (EMPNO LIKE '78%' OR EMPNO LIKE '79%')
  4    AND JOB LIKE '%E%'
  5*   AND DEPTNO IN (20, 30)
SQL> /

     EMPNO ENAME      JOB              MGR HIREDATE         SAL       COMM     DEPTNO                                                                                                                   
---------- ---------- --------- ---------- --------- ---------- ---------- ----------                                                                                                                   
      7844 TURNER     SALESMAN        7698 08-SEP-81       1500          0         30                                                                                                                   
      7876 ADAMS      CLERK           7788 23-MAY-87       1100                    20                                                                                                                   
      7900 JAMES      CLERK           7698 03-DEC-81        950                    30                                                                                                                   

SQL> SELECT JOB, HIREDATE, COMM
  2  FROM EMP
  3  WHERE ENAME >= 'A' AND ENAME <= 'S'
  4    AND DEPTNO IN (20, 30);

JOB       HIREDATE        COMM                                                                                                                                                                          
--------- --------- ----------                                                                                                                                                                          
SALESMAN  20-FEB-81        300                                                                                                                                                                          
MANAGER   02-APR-81                                                                                                                                                                                     
SALESMAN  28-SEP-81       1400                                                                                                                                                                          
MANAGER   01-MAY-81                                                                                                                                                                                     
CLERK     23-MAY-87                                                                                                                                                                                     
CLERK     03-DEC-81                                                                                                                                                                                     
ANALYST   03-DEC-81                                                                                                                                                                                     

7 rows selected.

SQL> SELECT DNAME
  2  FROM DEPT
  3  WHERE DNAME LIKE '%S%' AND DNAME LIKE '%S%'
  4    AND (LOC LIKE '%O%' OR LOC LIKE '%A%');

DNAME                                                                                                                                                                                                   
--------------                                                                                                                                                                                          
RESEARCH                                                                                                                                                                                                
SALES                                                                                                                                                                                                   
OPERATIONS                                                                                                                                                                                              

SQL> SELECT ENAME, (SAL*12 + 5000) AS ANNUAL_SALARY
  2  FROM EMP
  3  WHERE JOB = 'MANAGER'
  4    AND TO_CHAR(HIREDATE, 'MON') IN ('APR', 'MAY');

ENAME      ANNUAL_SALARY                                                                                                                                                                                
---------- -------------                                                                                                                                                                                
JONES              40700                                                                                                                                                                                
BLAKE              39200                                                                                                                                                                                

SQL> 
SQL> SELECT *
  2  FROM EMP
  3  WHERE JOB = 'MANAGER'
  4    AND DEPTNO IN (20, 30)
  5    AND HIREDATE BETWEEN TO_DATE('02-JAN-81','DD-MON-YY') AND TO_DATE('09-JUN-81','DD-MON-YY');

no rows selected

SQL> SELECT ENAME, JOB, HIREDATE, COMM
  2  FROM EMP
  3  WHERE ENAME >= 'A' AND ENAME <= 'S'
  4    AND DEPTNO IN (20, 30);

ENAME      JOB       HIREDATE        COMM                                                                                                                                                               
---------- --------- --------- ----------                                                                                                                                                               
ALLEN      SALESMAN  20-FEB-81        300                                                                                                                                                               
JONES      MANAGER   02-APR-81                                                                                                                                                                          
MARTIN     SALESMAN  28-SEP-81       1400                                                                                                                                                               
BLAKE      MANAGER   01-MAY-81                                                                                                                                                                          
ADAMS      CLERK     23-MAY-87                                                                                                                                                                          
JAMES      CLERK     03-DEC-81                                                                                                                                                                          
FORD       ANALYST   03-DEC-81                                                                                                                                                                          

7 rows selected.

SQL> SELECT DNAME
  2  FROM DEPT
  3  WHERE DNAME LIKE '%S%' AND DNAME LIKE '%S%'
  4    AND (LOC LIKE '%O%' OR LOC LIKE '%A%');

DNAME                                                                                                                                                                                                   
--------------                                                                                                                                                                                          
RESEARCH                                                                                                                                                                                                
SALES                                                                                                                                                                                                   
OPERATIONS                                                                                                                                                                                              

SQL> SELECT ENAME, (SAL*12 + 5000) AS ANNUAL_SALARY
  2  FROM EMP
  3  WHERE JOB = 'MANAGER'
  4    AND TO_CHAR(HIREDATE, 'MON') IN ('APR', 'MAY');

ENAME      ANNUAL_SALARY                                                                                                                                                                                
---------- -------------                                                                                                                                                                                
JONES              40700                                                                                                                                                                                
BLAKE              39200                                                                                                                                                                                

SQL> SELECT *
  2  FROM EMP
  3  WHERE DEPTNO = 20
  4    AND SAL < 500;

no rows selected

SQL> SELECT *
  2  FROM EMP
  3  WHERE DEPTMO=10;
WHERE DEPTMO=10
      *
ERROR at line 3:
ORA-00904: "DEPTMO": invalid identifier 


SQL> ED
Wrote file afiedt.buf

  1  SELECT *
  2  FROM EMP
  3* WHERE DEPTNO=10
SQL> /

     EMPNO ENAME      JOB              MGR HIREDATE         SAL       COMM     DEPTNO                                                                                                                   
---------- ---------- --------- ---------- --------- ---------- ---------- ----------                                                                                                                   
      7782 CLARK      MANAGER         7839 09-JUN-81       2450                    10                                                                                                                   
      7839 KING       PRESIDENT            17-NOV-81       5000                    10                                                                                                                   
      7934 MILLER     CLERK           7782 23-JAN-82       1300                    10                                                                                                                   

SQL> SELECT *
  2  FROM EMP
  3  WHERE MGR IN (DEPTNO IN 30);
WHERE MGR IN (DEPTNO IN 30)
                     *
ERROR at line 3:
ORA-00907: missing right parenthesis 


SQL> ED
Wrote file afiedt.buf

  1  SELECT *
  2  FROM EMP
  3* WHERE MGR IN (SELECT EMPNO FROM EMP WHERE DEPTNO IN 30)
SQL> /

     EMPNO ENAME      JOB              MGR HIREDATE         SAL       COMM     DEPTNO                                                                                                                   
---------- ---------- --------- ---------- --------- ---------- ---------- ----------                                                                                                                   
      7499 ALLEN      SALESMAN        7698 20-FEB-81       1600        300         30                                                                                                                   
      7521 WARD       SALESMAN        7698 22-FEB-81       1250        500         30                                                                                                                   
      7654 MARTIN     SALESMAN        7698 28-SEP-81       1250       1400         30                                                                                                                   
      7844 TURNER     SALESMAN        7698 08-SEP-81       1500          0         30                                                                                                                   
      7900 JAMES      CLERK           7698 03-DEC-81        950                    30                                                                                                                   

SQL> set pages 200 lines 200
SQL> SELECT *
  2  FROM EMP
  3  WHERE SAL BETWEEN 1000 AND 1500 AND DEPT IN(20,30) AND JOB NOT IN('CLERK','SALESMAN');
WHERE SAL BETWEEN 1000 AND 1500 AND DEPT IN(20,30) AND JOB NOT IN('CLERK','SALESMAN')
                                    *
ERROR at line 3:
ORA-00904: "DEPT": invalid identifier 


SQL> SELECT *
  2  FROM EMP
  3  WHERE SAL BETWEEN 1000 AND 1500 AND DEPTNO IN(20,30) AND JOB NOT IN('CLERK','SALESMAN');

no rows selected

SQL> SELECT DNAME
  2  FROM DEPT
  3  WHERE DNAME LIKE '%A%' AND LOC LIKE '%A%';

DNAME                                                                                                                                                                                                   
--------------                                                                                                                                                                                          
RESEARCH                                                                                                                                                                                                
SALES                                                                                                                                                                                                   

SQL> SELCT *
SP2-0042: unknown command "SELCT *" - rest of line ignored.
SQL> SELECT *
  2  FROM EMP
  3  WHERE JOB='MANAGER' AND ENAME LIKE '%S';

     EMPNO ENAME      JOB              MGR HIREDATE         SAL       COMM     DEPTNO                                                                                                                   
---------- ---------- --------- ---------- --------- ---------- ---------- ----------                                                                                                                   
      7566 JONES      MANAGER         7839 02-APR-81       2975                    20                                                                                                                   

SQL> SELECT *
  2  FROM EMP
  3  WHERE HIREDATE>'02-FEB-80' AND JOB!=SALESMAN;
WHERE HIREDATE>'02-FEB-80' AND JOB!=SALESMAN
                                    *
ERROR at line 3:
ORA-00904: "SALESMAN": invalid identifier 


SQL> ED
Wrote file afiedt.buf

  1  SELECT *
  2  FROM EMP
  3* WHERE HIREDATE>'02-FEB-80' AND JOB!='SALESMAN'
SQL> /

     EMPNO ENAME      JOB              MGR HIREDATE         SAL       COMM     DEPTNO                                                                                                                   
---------- ---------- --------- ---------- --------- ---------- ---------- ----------                                                                                                                   
      7369 SMITH      CLERK           7902 17-DEC-80        800                    20                                                                                                                   
      7566 JONES      MANAGER         7839 02-APR-81       2975                    20                                                                                                                   
      7698 BLAKE      MANAGER         7839 01-MAY-81       2850                    30                                                                                                                   
      7782 CLARK      MANAGER         7839 09-JUN-81       2450                    10                                                                                                                   
      7788 SCOTT      ANALYST         7566 19-APR-87       3000                    20                                                                                                                   
      7839 KING       PRESIDENT            17-NOV-81       5000                    10                                                                                                                   
      7876 ADAMS      CLERK           7788 23-MAY-87       1100                    20                                                                                                                   
      7900 JAMES      CLERK           7698 03-DEC-81        950                    30                                                                                                                   
      7902 FORD       ANALYST         7566 03-DEC-81       3000                    20                                                                                                                   
      7934 MILLER     CLERK           7782 23-JAN-82       1300                    10                                                                                                                   

10 rows selected.

SQL> SELECT *
  2  FROM EMP
  3  WHERE DEPTNO NOT IN(10,20,30);

no rows selected

SQL> SELECT *
  2  FROM EMP
  3  WHERE JOB='MANAGER' AND SAL*12 LIKE '%1';

no rows selected

SQL> SELECT *
  2  FROM EMP
  3  WHERE JOB='SALESMAN' AND SAL NOT BETWEEN 500 AND 1000 AND DEPTNO=20;

no rows selected

SQL> SELECT *
  2  FROM EMP
  3  WHERE COMM IS NOT NULL AND JOB IN('MANAGER','CLERK');

no rows selected

SQL> SELECT *
  2  FROM EMP
  3  WHERE JOB='SALESMAN' AND DEPTNO=10 AND SAL>2500;

no rows selected

SQL> SELECT *
  2  FROM EMP
  3  WHERE ENAME LIKE 'K%' OR ENAME LIKE 'P%';

     EMPNO ENAME      JOB              MGR HIREDATE         SAL       COMM     DEPTNO                                                                                                                   
---------- ---------- --------- ---------- --------- ---------- ---------- ----------                                                                                                                   
      7839 KING       PRESIDENT            17-NOV-81       5000                    10                                                                                                                   

SQL> SELECT *
  2  FROM EMP
  3  WHERE ENAME LIKE 'M%' OR ENAME LIKE 'N%' OR ENAME LIKE 'K%';

     EMPNO ENAME      JOB              MGR HIREDATE         SAL       COMM     DEPTNO                                                                                                                   
---------- ---------- --------- ---------- --------- ---------- ---------- ----------                                                                                                                   
      7654 MARTIN     SALESMAN        7698 28-SEP-81       1250       1400         30                                                                                                                   
      7839 KING       PRESIDENT            17-NOV-81       5000                    10                                                                                                                   
      7934 MILLER     CLERK           7782 23-JAN-82       1300                    10                                                                                                                   

SQL> SELECT *
  2  FROM EMP
  3  WHERE JOB='SALESMAN' AND ENAME LIKE '%R' AND SAL LIKE '____';

     EMPNO ENAME      JOB              MGR HIREDATE         SAL       COMM     DEPTNO                                                                                                                   
---------- ---------- --------- ---------- --------- ---------- ---------- ----------                                                                                                                   
      7844 TURNER     SALESMAN        7698 08-SEP-81       1500          0         30                                                                                                                   

SQL> SELECT *
  2  FROM EMP
  3  WHERE JOB LIKE '%LES%';

     EMPNO ENAME      JOB              MGR HIREDATE         SAL       COMM     DEPTNO                                                                                                                   
---------- ---------- --------- ---------- --------- ---------- ---------- ----------                                                                                                                   
      7499 ALLEN      SALESMAN        7698 20-FEB-81       1600        300         30                                                                                                                   
      7521 WARD       SALESMAN        7698 22-FEB-81       1250        500         30                                                                                                                   
      7654 MARTIN     SALESMAN        7698 28-SEP-81       1250       1400         30                                                                                                                   
      7844 TURNER     SALESMAN        7698 08-SEP-81       1500          0         30                                                                                                                   

SQL> SELECT *
  2  FROM EMP
  3  WHERE JOB='CLERK' AND ENAME LIKE '___L%' AND SAL<2000;

     EMPNO ENAME      JOB              MGR HIREDATE         SAL       COMM     DEPTNO                                                                                                                   
---------- ---------- --------- ---------- --------- ---------- ---------- ----------                                                                                                                   
      7934 MILLER     CLERK           7782 23-JAN-82       1300                    10                                                                                                                   

SQL> SELECT *
  2  FROM EMP
  3  WHERE ENAME NOT LIKE '%S%';

     EMPNO ENAME      JOB              MGR HIREDATE         SAL       COMM     DEPTNO                                                                                                                   
---------- ---------- --------- ---------- --------- ---------- ---------- ----------                                                                                                                   
      7499 ALLEN      SALESMAN        7698 20-FEB-81       1600        300         30                                                                                                                   
      7521 WARD       SALESMAN        7698 22-FEB-81       1250        500         30                                                                                                                   
      7654 MARTIN     SALESMAN        7698 28-SEP-81       1250       1400         30                                                                                                                   
      7698 BLAKE      MANAGER         7839 01-MAY-81       2850                    30                                                                                                                   
      7782 CLARK      MANAGER         7839 09-JUN-81       2450                    10                                                                                                                   
      7839 KING       PRESIDENT            17-NOV-81       5000                    10                                                                                                                   
      7844 TURNER     SALESMAN        7698 08-SEP-81       1500          0         30                                                                                                                   
      7902 FORD       ANALYST         7566 03-DEC-81       3000                    20                                                                                                                   
      7934 MILLER     CLERK           7782 23-JAN-82       1300                    10                                                                                                                   

9 rows selected.

SQL> SELECT *
  2  FROM EMP
  3  WHERE HIREDATE>'02-FEB-80' AND JOB!='SALESMAN';

     EMPNO ENAME      JOB              MGR HIREDATE         SAL       COMM     DEPTNO                                                                                                                   
---------- ---------- --------- ---------- --------- ---------- ---------- ----------                                                                                                                   
      7369 SMITH      CLERK           7902 17-DEC-80        800                    20                                                                                                                   
      7566 JONES      MANAGER         7839 02-APR-81       2975                    20                                                                                                                   
      7698 BLAKE      MANAGER         7839 01-MAY-81       2850                    30                                                                                                                   
      7782 CLARK      MANAGER         7839 09-JUN-81       2450                    10                                                                                                                   
      7788 SCOTT      ANALYST         7566 19-APR-87       3000                    20                                                                                                                   
      7839 KING       PRESIDENT            17-NOV-81       5000                    10                                                                                                                   
      7876 ADAMS      CLERK           7788 23-MAY-87       1100                    20                                                                                                                   
      7900 JAMES      CLERK           7698 03-DEC-81        950                    30                                                                                                                   
      7902 FORD       ANALYST         7566 03-DEC-81       3000                    20                                                                                                                   
      7934 MILLER     CLERK           7782 23-JAN-82       1300                    10                                                                                                                   

10 rows selected.

SQL> SELECT *
  2  ROM EMP
  3  
SQL> SELECT * FROM EMP
  2  WHERE SAL NOT BETWEEN 1000 AND 2000 AND DEPTNO IN (20,30) AND JOB NOT IN('CLERK','SALESMAN');

     EMPNO ENAME      JOB              MGR HIREDATE         SAL       COMM     DEPTNO                                                                                                                   
---------- ---------- --------- ---------- --------- ---------- ---------- ----------                                                                                                                   
      7566 JONES      MANAGER         7839 02-APR-81       2975                    20                                                                                                                   
      7698 BLAKE      MANAGER         7839 01-MAY-81       2850                    30                                                                                                                   
      7788 SCOTT      ANALYST         7566 19-APR-87       3000                    20                                                                                                                   
      7902 FORD       ANALYST         7566 03-DEC-81       3000                    20                                                                                                                   

SQL> ED
Wrote file afiedt.buf

  1  SELECT * FROM EMP
  2* WHERE SAL NOT BETWEEN 1000 AND 2000 AND DEPTNO IN (20,30) AND JOB NOT IN('CLERK','ANALYST')
SQL> /

     EMPNO ENAME      JOB              MGR HIREDATE         SAL       COMM     DEPTNO                                                                                                                   
---------- ---------- --------- ---------- --------- ---------- ---------- ----------                                                                                                                   
      7566 JONES      MANAGER         7839 02-APR-81       2975                    20                                                                                                                   
      7698 BLAKE      MANAGER         7839 01-MAY-81       2850                    30                                                                                                                   

SQL> SELECT *
  2  FROM EMP
  3  WHERE ENAME LIKE 'S%' AND ENAME  LIKE '%H';

     EMPNO ENAME      JOB              MGR HIREDATE         SAL       COMM     DEPTNO                                                                                                                   
---------- ---------- --------- ---------- --------- ---------- ---------- ----------                                                                                                                   
      7369 SMITH      CLERK           7902 17-DEC-80        800                    20                                                                                                                   

SQL> SELECT *
  2  FROM EMP
  3  WHERE SAL >1500 AND SAL<2500;

     EMPNO ENAME      JOB              MGR HIREDATE         SAL       COMM     DEPTNO                                                                                                                   
---------- ---------- --------- ---------- --------- ---------- ---------- ----------                                                                                                                   
      7499 ALLEN      SALESMAN        7698 20-FEB-81       1600        300         30                                                                                                                   
      7782 CLARK      MANAGER         7839 09-JUN-81       2450                    10                                                                                                                   

SQL> SELECT *
  2  FROM EMP
  3  WHERE ENAME LIKE '_M%' AND SAL BETWEEN 500 AND 1500;

     EMPNO ENAME      JOB              MGR HIREDATE         SAL       COMM     DEPTNO                                                                                                                   
---------- ---------- --------- ---------- --------- ---------- ---------- ----------                                                                                                                   
      7369 SMITH      CLERK           7902 17-DEC-80        800                    20                                                                                                                   

SQL> SELECT ENAME,JOB,SAL
  2  FROM EMP
  3  WHERE ENAME LIKE'%S%' AND SAL>2000 AND COMM IS NULL AND DEPTNO IN(10,20);

ENAME      JOB              SAL                                                                                                                                                                         
---------- --------- ----------                                                                                                                                                                         
JONES      MANAGER         2975                                                                                                                                                                         
SCOTT      ANALYST         3000                                                                                                                                                                         

SQL> SELECT *
  2  FROM EMP
  3  WHERE JOB IN('MANAGER','CLERK') AND HIREDATE BETWEEN '01-JAN-81' AND '31-DEC-81' AND SAL>2000 AND COMM IS NULL;

     EMPNO ENAME      JOB              MGR HIREDATE         SAL       COMM     DEPTNO                                                                                                                   
---------- ---------- --------- ---------- --------- ---------- ---------- ----------                                                                                                                   
      7566 JONES      MANAGER         7839 02-APR-81       2975                    20                                                                                                                   
      7698 BLAKE      MANAGER         7839 01-MAY-81       2850                    30                                                                                                                   
      7782 CLARK      MANAGER         7839 09-JUN-81       2450                    10                                                                                                                   

SQL> SELECT *
  2  FROM DEPT
  3  WHERE LOC LIKE '%O%' AND
  4  
SQL> SELECT *
  2  FROM DPT
  3  
SQL> SELECT *
  2  FROM DEPT;

    DEPTNO DNAME          LOC                                                                                                                                                                           
---------- -------------- -------------                                                                                                                                                                 
        10 ACCOUNTING     NEW YORK                                                                                                                                                                      
        20 RESEARCH       DALLAS                                                                                                                                                                        
        30 SALES          CHICAGO                                                                                                                                                                       
        40 OPERATIONS     BOSTON                                                                                                                                                                        

SQL> SELCT *
SP2-0042: unknown command "SELCT *" - rest of line ignored.
SQL> FROM DEPT
SP2-0042: unknown command "FROM DEPT" - rest of line ignored.
SQL> WHERE LOC LIKE '%O%' AND DEPT LIKE '__' AND DNAME NOT LIKE '%%%';
SP2-0734: unknown command beginning "WHERE LOC ..." - rest of line ignored.
SQL> SELECT *
  2  FROM DEPT
  3  WHERE LOC LIKE '%O%' AND DEPT LIKE '__' AND DNAME NOT LIKE '%%%';
WHERE LOC LIKE '%O%' AND DEPT LIKE '__' AND DNAME NOT LIKE '%%%'
                         *
ERROR at line 3:
ORA-00904: "DEPT": invalid identifier 


SQL> ED
Wrote file afiedt.buf

  1  SELECT *
  2  FROM DEPT
  3* WHERE LOC LIKE '%O%' AND DEPTNO LIKE '__' AND DNAME NOT LIKE '%%%'
SQL> /

no rows selected

SQL> ED
Wrote file afiedt.buf

  1  SELECT *
  2  FROM DEPT
  3* WHERE LOC LIKE '%O%' AND DEPTNO LIKE '__' AND DNAME NOT LIKE '%%%'
SQL> /

no rows selected

SQL> ED\

SQL> ED
Wrote file afiedt.buf

  1  SELECT *
  2  FROM DEPT
  3* WHERE LOC LIKE '%O%' AND DEPTNO LIKE '__' AND DNAME NOT LIKE '%\%%'
SQL> /

    DEPTNO DNAME          LOC                                                                                                                                                                           
---------- -------------- -------------                                                                                                                                                                 
        10 ACCOUNTING     NEW YORK                                                                                                                                                                      
        30 SALES          CHICAGO                                                                                                                                                                       
        40 OPERATIONS     BOSTON                                                                                                                                                                        

SQL> SELECT *
  2  FROM EMP
  3  WHERE EMPNO NOT LIKE '%2' AND ENAME NOT LIKE '%N' AND ENAME NOT LIKE '%K' AND HIREDATE <'01-JABN-81' AND SAL>800 AND SAL LIKE '%0%';
WHERE EMPNO NOT LIKE '%2' AND ENAME NOT LIKE '%N' AND ENAME NOT LIKE '%K' AND HIREDATE <'01-JABN-81' AND SAL>800 AND SAL LIKE '%0%'
                                                                                        *
ERROR at line 3:
ORA-01843: not a valid month 


SQL> 
SQL> SELECT *
  2  FROM EMP
  3  WHERE EMPNO NOT LIKE '%2' AND ENAME NOT LIKE '%N' AND ENAME NOT LIKE '%K' AND HIREDATE <'01-JAB
  4  ED
  5  
SQL> ED
Wrote file afiedt.buf

  1  SELECT *
  2  FROM EMP
  3  WHERE EMPNO NOT LIKE '%2' AND ENAME NOT LIKE '%N' AND ENAME NOT LIKE '%K' AND HIREDATE <'01-JAN-81' AND SAL >800 AND SAL LIKE '%0%'
  4* ED
SQL> /
ED
*
ERROR at line 4:
ORA-00933: SQL command not properly ended 


SQL> ED
Wrote file afiedt.buf

  1  SELECT *
  2  FROM EMP
  3* WHERE EMPNO NOT LIKE '%2' AND ENAME NOT LIKE '%N' AND ENAME NOT LIKE '%K' AND HIREDATE <'01-JAN-81' AND SAL >800 AND SAL LIKE '%0%'
  4  /

no rows selected

SQL> ED
Wrote file afiedt.buf

  1  SELECT *
  2  FROM EMP
  3* WHERE EMPNO NOT LIKE '%2' AND ENAME NOT LIKE '%N' AND ENAME NOT LIKE '%K' AND HIREDATE <'01-JAN-81' AND SAL >800 AND SAL LIKE '%0%'
SQL> /

no rows selected

SQL> SELECT *
  2  FROM EMP
  3  WHERE MGR IS NOT NULL AND ENAME NOT LIKE '%R%' AND ENAME NOT LIKE '%A%' AND SAL BETWEEN 2000 AND 3000 AND HIREDATE BETWEEN '01-JAN-80' AND '31-DEC-83' AND DEPTNO IN (10,20,30);

     EMPNO ENAME      JOB              MGR HIREDATE         SAL       COMM     DEPTNO                                                                                                                   
---------- ---------- --------- ---------- --------- ---------- ---------- ----------                                                                                                                   
      7566 JONES      MANAGER         7839 02-APR-81       2975                    20                                                                                                                   

SQL> SELECT *
  2  FROM EMP
  3  WHERE DEPTNO IN (10,20) AND DEPTNO !=30 AND SAL>2500 AND (TO_CHAR(HIREDATE,'MON') IN('JAN','PARED
  4  ED
  5  ED
  6  ED
  7  
SQL> 
SQL> ED
Wrote file afiedt.buf

  1  SELECT *
  2  FROM EMP
  3* WHERE DEPTNO IN (10,20) AND DEPTNO !=30 AND SAL>2500 AND (TO_CHAR(HIREDATE,'MON') IN('JAN','APR','NOV')
SQL> /
WHERE DEPTNO IN (10,20) AND DEPTNO !=30 AND SAL>2500 AND (TO_CHAR(HIREDATE,'MON') IN('JAN','APR','NOV')
                                                                                  *
ERROR at line 3:
ORA-00907: missing right parenthesis 


SQL> ED
Wrote file afiedt.buf

  1  SELECT *
  2  FROM EMP
  3* WHERE DEPTNO IN (10,20) AND DEPTNO !=30 AND SAL>2500 AND (TO_CHAR(HIREDATE,'MON') IN('JAN','APR','NOV'))
SQL> /

     EMPNO ENAME      JOB              MGR HIREDATE         SAL       COMM     DEPTNO                                                                                                                   
---------- ---------- --------- ---------- --------- ---------- ---------- ----------                                                                                                                   
      7566 JONES      MANAGER         7839 02-APR-81       2975                    20                                                                                                                   
      7788 SCOTT      ANALYST         7566 19-APR-87       3000                    20                                                                                                                   
      7839 KING       PRESIDENT            17-NOV-81       5000                    10                                                                                                                   

SQL> SELECT *
  2  FROM EMP
  3  WHERE DEPTNO IN (10,20) AND DEPTNO!=30 AND SAL>2500 AND (TO_DATE(HIREDATE,'MON') IN ('JAN','APR','NOV'));
WHERE DEPTNO IN (10,20) AND DEPTNO!=30 AND SAL>2500 AND (TO_DATE(HIREDATE,'MON') IN ('JAN','APR','NOV'))
                                                                 *
ERROR at line 3:
ORA-01843: not a valid month 


SQL> SELECT *
  2  FROM EMP
  3  WHERE ENAME LIKE 'A%' AND ENAME LIKE 'J%' AND ENAME LIKE 'K%' AND SAL BETWEEN 800 AND 2500 AND COMM IS NULL;

no rows selected

SQL> SELECT ENAME
  2  FROM EMP
  3  WHERE SAL+NVL(COMM,0)>1500;

ENAME                                                                                                                                                                                                   
----------                                                                                                                                                                                              
ALLEN                                                                                                                                                                                                   
WARD                                                                                                                                                                                                    
JONES                                                                                                                                                                                                   
MARTIN                                                                                                                                                                                                  
BLAKE                                                                                                                                                                                                   
CLARK                                                                                                                                                                                                   
SCOTT                                                                                                                                                                                                   
KING                                                                                                                                                                                                    
FORD                                                                                                                                                                                                    

9 rows selected.

SQL> SELECT ENAME
  2  FROM EMP
  3  WHERE EMPNO BETWEEN 7521 AND 7782;

ENAME                                                                                                                                                                                                   
----------                                                                                                                                                                                              
WARD                                                                                                                                                                                                    
JONES                                                                                                                                                                                                   
MARTIN                                                                                                                                                                                                  
BLAKE                                                                                                                                                                                                   
CLARK                                                                                                                                                                                                   

SQL> SELECT EMPNO
  2  FROM EMP
  3  WHERE COMM IS NULL AND DEPTNO=30 AND SAL=1600;

no rows selected

SQL> SELECT EMP.*, SAL*12 AS ANNUAL_SAL
  2  FROM EMP
  3  WHERE JOB='MANAGER' AND SAL<2500 AND COMM*12;
WHERE JOB='MANAGER' AND SAL<2500 AND COMM*12
                                           *
ERROR at line 3:
ORA-00920: invalid relational operator 


SQL> SELECT EMP.*, SAL*12 AS ANNUAL_SAL
  2  FROOM EMP
  3  WHERE JOB='MANAGER' AND SAL<2500 AND COMM IS NOT NULL AND COMM*12;
FROOM EMP
*
ERROR at line 2:
ORA-00923: FROM keyword not found where expected 


SQL> ED
Wrote file afiedt.buf

  1  SELECT EMP.*, SAL*12 AS ANNUAL_SAL
  2  FROM EMP
  3* WHERE JOB='MANAGER' AND SAL<2500 AND COMM IS NOT NULL AND COMM*12
SQL> /
WHERE JOB='MANAGER' AND SAL<2500 AND COMM IS NOT NULL AND COMM*12
                                                                *
ERROR at line 3:
ORA-00920: invalid relational operator 


SQL> ED
Wrote file afiedt.buf

  1  SELECT EMP.*, SAL*12 AS ANNUAL_SAL
  2  FROM EMP
  3* WHERE JOB='MANAGER' AND SAL<2500 AND COMM*12=5000
SQL> /

no rows selected

SQL> ED
Wrote file afiedt.buf

  1  SELECT EMP.*, SAL*12 AS ANNUAL_SAL
  2  FROM EMP
  3* WHERE JOB='MANAGER' AND SAL<2500 AND COMM IS NOT NULL AND COMM*12=5000
SQL> /

no rows selected

SQL> SPOOL OFF


                                                                                                                  

