SQL> 
SQL> 
SQL> SELECT DNAME FROM DEPT WHERE DEPTNO=(SELECT DEPTNO FROM EMP WHERE ENAME='SMITH');

DNAME                                                                                                                                                                                                   
--------------                                                                                                                                                                                          
RESEARCH                                                                                                                                                                                                

SQL> SELECT DNAME,LOC FROM DEPT WHERE DEPTNO=(SELECT DEPTNO FROM EMP WHERE ENAME='KING');

DNAME          LOC                                                                                                                                                                                      
-------------- -------------                                                                                                                                                                            
ACCOUNTING     NEW YORK                                                                                                                                                                                 

SQL> SELECT LOC FROM DEPT WHERE DEPTNO=(SELECT DEPTNO FROM EMP WHERE EMPNO=7902);

LOC                                                                                                                                                                                                     
-------------                                                                                                                                                                                           
DALLAS                                                                                                                                                                                                  

SQL> SELECT DNAME,LOC,DEPTNO FROM DEPT WHERE DEPTNO=(SELECT DEPTNO FROM EMP WHERE ENAME LIKE '%R');
SELECT DNAME,LOC,DEPTNO FROM DEPT WHERE DEPTNO=(SELECT DEPTNO FROM EMP WHERE ENAME LIKE '%R')
                                                *
ERROR at line 1:
ORA-01427: single-row subquery returns more than one row 


SQL> SELECT DNAME FROM DEPT WHERE DEPTNO=(SELECT DEPTNO FROM EMP WHERE JOB='PRESIDENT');

DNAME                                                                                                                                                                                                   
--------------                                                                                                                                                                                          
ACCOUNTING                                                                                                                                                                                              

SQL> SELECT ENAME FROM EMP WHERE DEPTNO=(SELECT DEPTNO FROM DEPT WHERE DNAME='ACCOUNTING');

ENAME                                                                                                                                                                                                   
----------                                                                                                                                                                                              
CLARK                                                                                                                                                                                                   
KING                                                                                                                                                                                                    
MILLER                                                                                                                                                                                                  

SQL> SELECT ENAME ,SAL FROM EMP WHERE DEPTNO=(SELECT DEPTNO FROM DEPT WHERE LOC='CHICAGO');

ENAME             SAL                                                                                                                                                                                   
---------- ----------                                                                                                                                                                                   
ALLEN            1600                                                                                                                                                                                   
WARD             1250                                                                                                                                                                                   
MARTIN           1250                                                                                                                                                                                   
BLAKE            2850                                                                                                                                                                                   
TURNER           1500                                                                                                                                                                                   
JAMES             950                                                                                                                                                                                   

6 rows selected.

SQL> SELECT * FROM EMP WHERE DEPTNO=(SELECT DEPTNO FROM DEPT WHERE DNAME='SALES');

     EMPNO ENAME      JOB              MGR HIREDATE         SAL       COMM     DEPTNO                                                                                                                   
---------- ---------- --------- ---------- --------- ---------- ---------- ----------                                                                                                                   
      7499 ALLEN      SALESMAN        7698 20-FEB-81       1600        300         30                                                                                                                   
      7521 WARD       SALESMAN        7698 22-FEB-81       1250        500         30                                                                                                                   
      7654 MARTIN     SALESMAN        7698 28-SEP-81       1250       1400         30                                                                                                                   
      7698 BLAKE      MANAGER         7839 01-MAY-81       2850                    30                                                                                                                   
      7844 TURNER     SALESMAN        7698 08-SEP-81       1500          0         30                                                                                                                   
      7900 JAMES      CLERK           7698 03-DEC-81        950                    30                                                                                                                   

6 rows selected.

SQL> SELECT EMP.*,SAL*12 FROM EMP WHERE DEPTNO=(SELECT DEPTNO FROM DEPT WHERE LOC='NEW YORK');

     EMPNO ENAME      JOB              MGR HIREDATE         SAL       COMM     DEPTNO     SAL*12                                                                                                        
---------- ---------- --------- ---------- --------- ---------- ---------- ---------- ----------                                                                                                        
      7782 CLARK      MANAGER         7839 09-JUN-81       2450                    10      29400                                                                                                        
      7839 KING       PRESIDENT            17-NOV-81       5000                    10      60000                                                                                                        
      7934 MILLER     CLERK           7782 23-JAN-82       1300                    10      15600                                                                                                        

SQL> SELECT ENAME FROM EMP WHERE DEPTNO=(SELECT DEPTNO FROM DEPT WHERE DNAME='OPERATIONS');

no rows selected

SQL> SPOOL OFF
